Archive member included to satisfy reference by file (symbol)

/usr/lib/gcc/arm-none-eabi/13.2.1/../../../arm-none-eabi/lib/thumb/v7-m/nofp/libc_nano.a(libc_a-sprintf.o)
                              build/Middlewares/FreeRTOS/tasks.o (sprintf)
/usr/lib/gcc/arm-none-eabi/13.2.1/../../../arm-none-eabi/lib/thumb/v7-m/nofp/libc_nano.a(libc_a-strlen-stub.o)
                              build/Middlewares/FreeRTOS/tasks.o (strlen)
/usr/lib/gcc/arm-none-eabi/13.2.1/../../../arm-none-eabi/lib/thumb/v7-m/nofp/libc_nano.a(libc_a-strcpy.o)
                              build/Middlewares/FreeRTOS/tasks.o (strcpy)
/usr/lib/gcc/arm-none-eabi/13.2.1/../../../arm-none-eabi/lib/thumb/v7-m/nofp/libc_nano.a(libc_a-impure.o)
                              /usr/lib/gcc/arm-none-eabi/13.2.1/../../../arm-none-eabi/lib/thumb/v7-m/nofp/libc_nano.a(libc_a-sprintf.o) (_impure_ptr)
/usr/lib/gcc/arm-none-eabi/13.2.1/../../../arm-none-eabi/lib/thumb/v7-m/nofp/libc_nano.a(libc_a-nano-svfprintf.o)
                              /usr/lib/gcc/arm-none-eabi/13.2.1/../../../arm-none-eabi/lib/thumb/v7-m/nofp/libc_nano.a(libc_a-sprintf.o) (_svfprintf_r)
/usr/lib/gcc/arm-none-eabi/13.2.1/../../../arm-none-eabi/lib/thumb/v7-m/nofp/libc_nano.a(libc_a-init.o)
                              /usr/lib/gcc/arm-none-eabi/13.2.1/../../../arm-none-eabi/lib/thumb/v7-m/nofp/crt0.o (__libc_init_array)
/usr/lib/gcc/arm-none-eabi/13.2.1/../../../arm-none-eabi/lib/thumb/v7-m/nofp/libc_nano.a(libc_a-memset.o)
                              /usr/lib/gcc/arm-none-eabi/13.2.1/../../../arm-none-eabi/lib/thumb/v7-m/nofp/crt0.o (memset)
/usr/lib/gcc/arm-none-eabi/13.2.1/../../../arm-none-eabi/lib/thumb/v7-m/nofp/libc_nano.a(libc_a-errno.o)
                              build/User/syscalls.o (__errno)
/usr/lib/gcc/arm-none-eabi/13.2.1/../../../arm-none-eabi/lib/thumb/v7-m/nofp/libc_nano.a(libc_a-nano-vfprintf_float.o)
                              /usr/lib/gcc/arm-none-eabi/13.2.1/../../../arm-none-eabi/lib/thumb/v7-m/nofp/libc_nano.a(libc_a-nano-svfprintf.o) (_printf_float)
/usr/lib/gcc/arm-none-eabi/13.2.1/../../../arm-none-eabi/lib/thumb/v7-m/nofp/libc_nano.a(libc_a-mallocr.o)
                              /usr/lib/gcc/arm-none-eabi/13.2.1/../../../arm-none-eabi/lib/thumb/v7-m/nofp/libc_nano.a(libc_a-nano-svfprintf.o) (_malloc_r)
/usr/lib/gcc/arm-none-eabi/13.2.1/../../../arm-none-eabi/lib/thumb/v7-m/nofp/libc_nano.a(libc_a-dtoa.o)
                              /usr/lib/gcc/arm-none-eabi/13.2.1/../../../arm-none-eabi/lib/thumb/v7-m/nofp/libc_nano.a(libc_a-nano-vfprintf_float.o) (_dtoa_r)
/usr/lib/gcc/arm-none-eabi/13.2.1/../../../arm-none-eabi/lib/thumb/v7-m/nofp/libc_nano.a(libc_a-freer.o)
                              /usr/lib/gcc/arm-none-eabi/13.2.1/../../../arm-none-eabi/lib/thumb/v7-m/nofp/libc_nano.a(libc_a-nano-svfprintf.o) (_free_r)
/usr/lib/gcc/arm-none-eabi/13.2.1/../../../arm-none-eabi/lib/thumb/v7-m/nofp/libc_nano.a(libc_a-memmove.o)
                              /usr/lib/gcc/arm-none-eabi/13.2.1/../../../arm-none-eabi/lib/thumb/v7-m/nofp/libc_nano.a(libc_a-nano-svfprintf.o) (memmove)
/usr/lib/gcc/arm-none-eabi/13.2.1/../../../arm-none-eabi/lib/thumb/v7-m/nofp/libc_nano.a(libc_a-memcpy.o)
                              build/Middlewares/FreeRTOS/queue.o (memcpy)
/usr/lib/gcc/arm-none-eabi/13.2.1/../../../arm-none-eabi/lib/thumb/v7-m/nofp/libc_nano.a(libc_a-malloc.o)
                              /usr/lib/gcc/arm-none-eabi/13.2.1/../../../arm-none-eabi/lib/thumb/v7-m/nofp/libc_nano.a(libc_a-dtoa.o) (malloc)
/usr/lib/gcc/arm-none-eabi/13.2.1/../../../arm-none-eabi/lib/thumb/v7-m/nofp/libc_nano.a(libc_a-reallocr.o)
                              /usr/lib/gcc/arm-none-eabi/13.2.1/../../../arm-none-eabi/lib/thumb/v7-m/nofp/libc_nano.a(libc_a-nano-svfprintf.o) (_realloc_r)
/usr/lib/gcc/arm-none-eabi/13.2.1/../../../arm-none-eabi/lib/thumb/v7-m/nofp/libc_nano.a(libc_a-nano-vfprintf_i.o)
                              /usr/lib/gcc/arm-none-eabi/13.2.1/../../../arm-none-eabi/lib/thumb/v7-m/nofp/libc_nano.a(libc_a-nano-vfprintf_float.o) (_printf_common)
/usr/lib/gcc/arm-none-eabi/13.2.1/../../../arm-none-eabi/lib/thumb/v7-m/nofp/libc_nano.a(libc_a-mlock.o)
                              /usr/lib/gcc/arm-none-eabi/13.2.1/../../../arm-none-eabi/lib/thumb/v7-m/nofp/libc_nano.a(libc_a-mallocr.o) (__malloc_lock)
/usr/lib/gcc/arm-none-eabi/13.2.1/../../../arm-none-eabi/lib/thumb/v7-m/nofp/libc_nano.a(libc_a-exit.o)
                              /usr/lib/gcc/arm-none-eabi/13.2.1/../../../arm-none-eabi/lib/thumb/v7-m/nofp/crt0.o (exit)
/usr/lib/gcc/arm-none-eabi/13.2.1/../../../arm-none-eabi/lib/thumb/v7-m/nofp/libc_nano.a(libc_a-atexit.o)
                              /usr/lib/gcc/arm-none-eabi/13.2.1/../../../arm-none-eabi/lib/thumb/v7-m/nofp/crt0.o (atexit)
/usr/lib/gcc/arm-none-eabi/13.2.1/../../../arm-none-eabi/lib/thumb/v7-m/nofp/libc_nano.a(libc_a-memchr-stub.o)
[...]
Memory Configuration

Name             Origin             Length             Attributes
FLASH            0x08000000         0x00080000         xr
RAM              0x20000000         0x00010000         xrw
*default*        0x00000000         0xffffffff

Linker script and memory map

LOAD /usr/lib/gcc/arm-none-eabi/13.2.1/thumb/v7-m/nofp/crti.o
LOAD /usr/lib/gcc/arm-none-eabi/13.2.1/thumb/v7-m/nofp/crtbegin.o
LOAD /usr/lib/gcc/arm-none-eabi/13.2.1/../../../arm-none-eabi/lib/thumb/v7-m/nofp/crt0.o
LOAD build/User/main.o
LOAD build/Drivers/CMSIS/Device/ST/STM32F1xx/Source/Templates/system_stm32f1xx.o
LOAD build/User/stm32f1xx_it.o
LOAD build/User/freertos_demo.o
LOAD build/User/syscalls.o
LOAD build/Drivers/SYSTEM/delay/delay.o
LOAD build/Drivers/SYSTEM/sys/sys.o
LOAD build/Drivers/SYSTEM/usart/usart.o
LOAD build/Drivers/STM32F1xx_HAL_Driver/Src/stm32f1xx_hal.o
LOAD build/Drivers/STM32F1xx_HAL_Driver/Src/stm32f1xx_hal_cortex.o
LOAD build/Drivers/STM32F1xx_HAL_Driver/Src/stm32f1xx_hal_dma.o
LOAD build/Drivers/STM32F1xx_HAL_Driver/Src/stm32f1xx_hal_gpio.o
LOAD build/Drivers/STM32F1xx_HAL_Driver/Src/stm32f1xx_hal_gpio_ex.o
LOAD build/Drivers/STM32F1xx_HAL_Driver/Src/stm32f1xx_hal_pwr.o
LOAD build/Drivers/STM32F1xx_HAL_Driver/Src/stm32f1xx_hal_rcc.o
LOAD build/Drivers/STM32F1xx_HAL_Driver/Src/stm32f1xx_hal_rcc_ex.o
LOAD build/Drivers/STM32F1xx_HAL_Driver/Src/stm32f1xx_hal_uart.o
LOAD build/Drivers/STM32F1xx_HAL_Driver/Src/stm32f1xx_hal_usart.o
LOAD build/Drivers/STM32F1xx_HAL_Driver/Src/stm32f1xx_hal_sram.o
LOAD build/Drivers/STM32F1xx_HAL_Driver/Src/stm32f1xx_ll_fsmc.o
LOAD build/Drivers/STM32F1xx_HAL_Driver/Src/stm32f1xx_hal_tim.o
LOAD build/Drivers/STM32F1xx_HAL_Driver/Src/stm32f1xx_hal_tim_ex.o
LOAD build/Drivers/BSP/LED/led.o
LOAD build/Drivers/BSP/LCD/lcd.o
LOAD build/Drivers/BSP/KEY/key.o
LOAD build/Drivers/BSP/SRAM/sram.o
LOAD build/Drivers/BSP/TIMER/btim.o
LOAD build/Middlewares/MALLOC/malloc.o
LOAD build/Middlewares/FreeRTOS/croutine.o
LOAD build/Middlewares/FreeRTOS/event_groups.o
LOAD build/Middlewares/FreeRTOS/list.o
LOAD build/Middlewares/FreeRTOS/queue.o
LOAD build/Middlewares/FreeRTOS/stream_buffer.o
LOAD build/Middlewares/FreeRTOS/tasks.o
LOAD build/Middlewares/FreeRTOS/timers.o
LOAD build/Middlewares/FreeRTOS/portable/MemMang/heap_4.o
LOAD build/Middlewares/FreeRTOS/portable/GCC/ARM_CM3/port.o
LOAD build/startup_stm32f103xe_gcc.o
LOAD /usr/lib/gcc/arm-none-eabi/13.2.1/../../../arm-none-eabi/lib/thumb/v7-m/nofp/libc_nano.a
LOAD /usr/lib/gcc/arm-none-eabi/13.2.1/../../../arm-none-eabi/lib/thumb/v7-m/nofp/libm.a
LOAD /usr/lib/gcc/arm-none-eabi/13.2.1/../../../arm-none-eabi/lib/thumb/v7-m/nofp/libnosys.a
START GROUP
LOAD /usr/lib/gcc/arm-none-eabi/13.2.1/thumb/v7-m/nofp/libgcc.a
LOAD /usr/lib/gcc/arm-none-eabi/13.2.1/../../../arm-none-eabi/lib/thumb/v7-m/nofp/libc_nano.a
END GROUP
START GROUP
LOAD /usr/lib/gcc/arm-none-eabi/13.2.1/thumb/v7-m/nofp/libgcc.a
LOAD /usr/lib/gcc/arm-none-eabi/13.2.1/../../../arm-none-eabi/lib/thumb/v7-m/nofp/libc_nano.a
LOAD /usr/lib/gcc/arm-none-eabi/13.2.1/../../../arm-none-eabi/lib/thumb/v7-m/nofp/libnosys.a
END GROUP
START GROUP
LOAD /usr/lib/gcc/arm-none-eabi/13.2.1/thumb/v7-m/nofp/libgcc.a
LOAD /usr/lib/gcc/arm-none-eabi/13.2.1/../../../arm-none-eabi/lib/thumb/v7-m/nofp/libc_nano.a
LOAD /usr/lib/gcc/arm-none-eabi/13.2.1/../../../arm-none-eabi/lib/thumb/v7-m/nofp/libnosys.a
END GROUP
LOAD /usr/lib/gcc/arm-none-eabi/13.2.1/thumb/v7-m/nofp/crtend.o
LOAD /usr/lib/gcc/arm-none-eabi/13.2.1/thumb/v7-m/nofp/crtn.o
                0x00000200                        _Min_Heap_Size = 0x200
                0x00000400                        _Min_Stack_Size = 0x400
                0x20010000                        _estack = (ORIGIN (RAM) + LENGTH (RAM))

.isr_vector     0x08000000      0x130
                0x08000000                        . = ALIGN (0x4)
 *(.isr_vector)
 .isr_vector    0x08000000      0x130 build/startup_stm32f103xe_gcc.o
                0x08000000                g_pfnVectors
                0x08000130                        . = ALIGN (0x4)

.text           0x08000130     0xd0ac
                0x08000130                        . = ALIGN (0x4)
 *(.text)
 .text          0x08000130       0x88 /usr/lib/gcc/arm-none-eabi/13.2.1/thumb/v7-m/nofp/crtbegin.o
 .text          0x080001b8       0x5c /usr/lib/gcc/arm-none-eabi/13.2.1/../../../arm-none-eabi/lib/thumb/v7-m/nofp/libc_nano.a(libc_a-strlen-stub.o)
                0x080001b8                strlen
 .text          0x08000214       0xa0 /usr/lib/gcc/arm-none-eabi/13.2.1/../../../arm-none-eabi/lib/thumb/v7-m/nofp/libc_nano.a(libc_a-memset.o)
                0x08000214                memset
 .text          0x080002b4        0xc /usr/lib/gcc/arm-none-eabi/13.2.1/../../../arm-none-eabi/lib/thumb/v7-m/nofp/libc_nano.a(libc_a-errno.o)
                0x080002b4                __errno
 .text          0x080002c0      0x6f4 /usr/lib/gcc/arm-none-eabi/13.2.1/../../../arm-none-eabi/lib/thumb/v7-m/nofp/libc_nano.a(libc_a-nano-vfprintf_float.o)
                0x080002c0                __cvt
                0x080003e8                __exponent
                0x08000470                _printf_float
 .text          0x080009b4      0x14c /usr/lib/gcc/arm-none-eabi/13.2.1/../../../arm-none-eabi/lib/thumb/v7-m/nofp/libc_nano.a(libc_a-mallocr.o)
                0x08000a00                _malloc_r
 .text          0x08000b00      0xff0 /usr/lib/gcc/arm-none-eabi/13.2.1/../../../arm-none-eabi/lib/thumb/v7-m/nofp/libc_nano.a(libc_a-dtoa.o)
                0x08000c3c                _dtoa_r
 .text          0x08001af0       0xbc /usr/lib/gcc/arm-none-eabi/13.2.1/../../../arm-none-eabi/lib/thumb/v7-m/nofp/libc_nano.a(libc_a-freer.o)
                0x08001af0                _free_r
 .text          0x08001bac       0xfc /usr/lib/gcc/arm-none-eabi/13.2.1/../../../arm-none-eabi/lib/thumb/v7-m/nofp/libc_nano.a(libc_a-memmove.o)
                0x08001bac                memmove
 .text          0x08001ca8       0xec /usr/lib/gcc/arm-none-eabi/13.2.1/../../../arm-none-eabi/lib/thumb/v7-m/nofp/libc_nano.a(libc_a-memcpy.o)
                0x08001ca8                memcpy
 .text          0x08001d94       0x20 /usr/lib/gcc/arm-none-eabi/13.2.1/../../../arm-none-eabi/lib/thumb/v7-m/nofp/libc_nano.a(libc_a-malloc.o)
                0x08001d94                malloc
                0x08001da4                free
 .text          0x08001db4       0x64 /usr/lib/gcc/arm-none-eabi/13.2.1/../../../arm-none-eabi/lib/thumb/v7-m/nofp/libc_nano.a(libc_a-reallocr.o)
                0x08001db4                _realloc_r
 .text          0x08001e18      0x3a8 /usr/lib/gcc/arm-none-eabi/13.2.1/../../../arm-none-eabi/lib/thumb/v7-m/nofp/libc_nano.a(libc_a-nano-vfprintf_i.o)
                0x08001e18                _printf_common
                0x08001f3c                _printf_i
 .text          0x080021c0        0x8 /usr/lib/gcc/arm-none-eabi/13.2.1/../../../arm-none-eabi/lib/thumb/v7-m/nofp/libc_nano.a(libc_a-mlock.o)
                0x080021c0                __malloc_lock
                0x080021c4                __malloc_unlock
 .text          0x080021c8       0x98 /usr/lib/gcc/arm-none-eabi/13.2.1/../../../arm-none-eabi/lib/thumb/v7-m/nofp/libc_nano.a(libc_a-memchr-stub.o)
                0x080021c8                memchr
 .text          0x08002260       0x48 /usr/lib/gcc/arm-none-eabi/13.2.1/../../../arm-none-eabi/lib/thumb/v7-m/nofp/libc_nano.a(libc_a-printf.o)
                0x08002260                _printf_r
                0x08002260                _iprintf_r
                0x08002280                printf
                0x08002280                iprintf
 .text          0x080022a8      0x2ec /usr/lib/gcc/arm-none-eabi/13.2.1/../../../arm-none-eabi/lib/thumb/v7-m/nofp/libc_nano.a(libc_a-nano-vfprintf.o)
                0x080022d0                __sfputs_r
                0x08002300                __sprint_r
                0x08002320                _vfiprintf_r
                0x08002320                _vfprintf_r
                0x08002578                vfiprintf
                0x08002578                vfprintf
 .text          0x08002594       0x9c /usr/lib/gcc/arm-none-eabi/13.2.1/../../../arm-none-eabi/lib/thumb/v7-m/nofp/libc_nano.a(libc_a-wbuf.o)
                0x08002594                __swbuf_r
                0x0800261c                __swbuf
 .text          0x08002630       0x4c /usr/lib/gcc/arm-none-eabi/13.2.1/../../../arm-none-eabi/lib/thumb/v7-m/nofp/libc_nano.a(libc_a-assert.o)
                0x08002630                __assert_func
                0x08002670                __assert
 .text          0x0800267c      0xad0 /usr/lib/gcc/arm-none-eabi/13.2.1/../../../arm-none-eabi/lib/thumb/v7-m/nofp/libc_nano.a(libc_a-mprec.o)
                0x0800267c                _Balloc
                0x080026fc                _Bfree
                0x08002744                __multadd
                0x080027e0                __s2b
                0x08002890                __hi0bits
                0x080028d4                __lo0bits
                0x08002930                __i2b
                0x0800295c                __multiply
                0x08002ac0                __pow5mult
                0x08002ba0                __lshift
                0x08002c88                __mcmp
                0x08002cc8                __mdiff
                0x08002e40                __ulp
                0x08002e90                __b2d
                0x08002f44                __d2b
                0x08003000                __ratio
                0x0800305c                _mprec_log10
                0x08003094                __copybits
                0x080030f4                __any_on
 .text          0x0800314c       0x24 /usr/lib/gcc/arm-none-eabi/13.2.1/../../../arm-none-eabi/lib/thumb/v7-m/nofp/libc_nano.a(libc_a-sbrkr.o)
                0x0800314c                _sbrk_r
 .text          0x08003170       0x10 /usr/lib/gcc/arm-none-eabi/13.2.1/../../../arm-none-eabi/lib/thumb/v7-m/nofp/libc_nano.a(libc_a-msizer.o)
                0x08003170                _malloc_usable_size_r
 .text          0x08003180       0x14 /usr/lib/gcc/arm-none-eabi/13.2.1/../../../arm-none-eabi/lib/thumb/v7-m/nofp/libc_nano.a(libc_a-localeconv.o)
                0x08003180                __localeconv_l
                0x08003184                _localeconv_r
                0x0800318c                localeconv
 .text          0x08003194      0x2ec /usr/lib/gcc/arm-none-eabi/13.2.1/../../../arm-none-eabi/lib/thumb/v7-m/nofp/libc_nano.a(libc_a-fvwrite.o)
                0x08003194                __sfvwrite_r
 .text          0x08003480      0x224 /usr/lib/gcc/arm-none-eabi/13.2.1/../../../arm-none-eabi/lib/thumb/v7-m/nofp/libc_nano.a(libc_a-findfp.o)
                0x080035b0                __sfp
                0x08003654                __sinit
                0x08003674                __sfp_lock_acquire
                0x08003678                __sfp_lock_release
                0x0800367c                __fp_lock_all
                0x08003690                __fp_unlock_all
 .text          0x080036a4       0x10 /usr/lib/gcc/arm-none-eabi/13.2.1/../../../arm-none-eabi/lib/thumb/v7-m/nofp/libc_nano.a(libc_a-abort.o)
                0x080036a4                abort
 .text          0x080036b4      0x198 /usr/lib/gcc/arm-none-eabi/13.2.1/../../../arm-none-eabi/lib/thumb/v7-m/nofp/libc_nano.a(libc_a-fflush.o)
                0x080036b4                __sflush_r
                0x080037c8                _fflush_r
                0x08003800                fflush
 .text          0x0800384c       0x28 /usr/lib/gcc/arm-none-eabi/13.2.1/../../../arm-none-eabi/lib/thumb/v7-m/nofp/libc_nano.a(libc_a-callocr.o)
                0x0800384c                _calloc_r
 .text          0x08003874       0x44 /usr/lib/gcc/arm-none-eabi/13.2.1/../../../arm-none-eabi/lib/thumb/v7-m/nofp/libc_nano.a(libc_a-fwalk.o)
                0x08003874                _fwalk_sglue
 .text          0x080038b8       0x30 /usr/lib/gcc/arm-none-eabi/13.2.1/../../../arm-none-eabi/lib/thumb/v7-m/nofp/libc_nano.a(libc_a-wctomb_r.o)
                0x080038b8                _wctomb_r
                0x080038cc                __ascii_wctomb
 .text          0x080038e8       0xc4 /usr/lib/gcc/arm-none-eabi/13.2.1/../../../arm-none-eabi/lib/thumb/v7-m/nofp/libc_nano.a(libc_a-wsetup.o)
                0x080038e8                __swsetup_r
 .text          0x080039ac       0x44 /usr/lib/gcc/arm-none-eabi/13.2.1/../../../arm-none-eabi/lib/thumb/v7-m/nofp/libc_nano.a(libc_a-fprintf.o)
                0x080039ac                _fprintf_r
                0x080039ac                _fiprintf_r
                0x080039c8                fprintf
                0x080039c8                fiprintf
 .text          0x080039f0      0x110 /usr/lib/gcc/arm-none-eabi/13.2.1/../../../arm-none-eabi/lib/thumb/v7-m/nofp/libc_nano.a(libc_a-makebuf.o)
                0x080039f0                __smakebuf_r
                0x08003ab4                __swhatbuf_r
 .text          0x08003b00       0x24 /usr/lib/gcc/arm-none-eabi/13.2.1/../../../arm-none-eabi/lib/thumb/v7-m/nofp/libc_nano.a(libc_a-isattyr.o)
                0x08003b00                _isatty_r
 .text          0x08003b24       0x94 /usr/lib/gcc/arm-none-eabi/13.2.1/../../../arm-none-eabi/lib/thumb/v7-m/nofp/libc_nano.a(libc_a-stdio.o)
                0x08003b24                __sread
                0x08003b48                __seofread
                0x08003b4c                __swrite
                0x08003b8c                __sseek
                0x08003bb0                __sclose
 .text          0x08003bb8       0x40 /usr/lib/gcc/arm-none-eabi/13.2.1/../../../arm-none-eabi/lib/thumb/v7-m/nofp/libc_nano.a(libc_a-mbtowc_r.o)
                0x08003bb8                _mbtowc_r
                0x08003bcc                __ascii_mbtowc
 .text          0x08003bf8      0x264 /usr/lib/gcc/arm-none-eabi/13.2.1/../../../arm-none-eabi/lib/thumb/v7-m/nofp/libc_nano.a(libc_a-signal.o)
                0x08003bf8                _init_signal_r
                0x08003c24                _signal_r
                0x08003c70                _raise_r
                0x08003cc0                __sigtramp_r
                0x08003d24                raise
                0x08003d78                signal
                0x08003dc4                _init_signal
                0x08003df8                __sigtramp
 .text          0x08003e5c       0x24 /usr/lib/gcc/arm-none-eabi/13.2.1/../../../arm-none-eabi/lib/thumb/v7-m/nofp/libc_nano.a(libc_a-closer.o)
                0x08003e5c                _close_r
 .text          0x08003e80       0x2c /usr/lib/gcc/arm-none-eabi/13.2.1/../../../arm-none-eabi/lib/thumb/v7-m/nofp/libc_nano.a(libc_a-readr.o)
                0x08003e80                _read_r
 .text          0x08003eac       0x28 /usr/lib/gcc/arm-none-eabi/13.2.1/../../../arm-none-eabi/lib/thumb/v7-m/nofp/libc_nano.a(libc_a-fstatr.o)
                0x08003eac                _fstat_r
 .text          0x08003ed4       0x2c /usr/lib/gcc/arm-none-eabi/13.2.1/../../../arm-none-eabi/lib/thumb/v7-m/nofp/libc_nano.a(libc_a-lseekr.o)
                0x08003ed4                _lseek_r
 .text          0x08003f00       0x2c /usr/lib/gcc/arm-none-eabi/13.2.1/../../../arm-none-eabi/lib/thumb/v7-m/nofp/libc_nano.a(libc_a-writer.o)
                0x08003f00                _write_r
 .text          0x08003f2c       0x2c /usr/lib/gcc/arm-none-eabi/13.2.1/../../../arm-none-eabi/lib/thumb/v7-m/nofp/libc_nano.a(libc_a-signalr.o)
                0x08003f2c                _kill_r
                0x08003f54                _getpid_r
 .text          0x08003f58        0x4 /usr/lib/gcc/arm-none-eabi/13.2.1/../../../arm-none-eabi/lib/thumb/v7-m/nofp/libnosys.a(_exit.o)
                0x08003f58                _exit
 .text          0x08003f5c      0x378 /usr/lib/gcc/arm-none-eabi/13.2.1/thumb/v7-m/nofp/libgcc.a(_arm_addsubdf3.o)
                0x08003f5c                __aeabi_drsub
                0x08003f64                __aeabi_dsub
                0x08003f64                __subdf3
                0x08003f68                __adddf3
                0x08003f68                __aeabi_dadd
                0x080041e0                __aeabi_ui2d
                0x080041e0                __floatunsidf
                0x08004200                __floatsidf
                0x08004200                __aeabi_i2d
                0x08004224                __extendsfdf2
                0x08004224                __aeabi_f2d
                0x08004268                __aeabi_ul2d
                0x08004268                __floatundidf
                0x08004278                __floatdidf
                0x08004278                __aeabi_l2d
 .text          0x080042d4      0x424 /usr/lib/gcc/arm-none-eabi/13.2.1/thumb/v7-m/nofp/libgcc.a(_arm_muldivdf3.o)
                0x080042d4                __aeabi_dmul
                0x080042d4                __muldf3
                0x08004528                __aeabi_ddiv
                0x08004528                __divdf3
 .text          0x080046f8      0x110 /usr/lib/gcc/arm-none-eabi/13.2.1/thumb/v7-m/nofp/libgcc.a(_arm_cmpdf2.o)
                0x080046f8                __gtdf2
                0x080046f8                __gedf2
                0x08004700                __ltdf2
                0x08004700                __ledf2
                0x08004708                __cmpdf2
                0x08004708                __eqdf2
                0x08004708                __nedf2
                0x08004784                __aeabi_cdrcmple
                0x08004794                __aeabi_cdcmple
                0x08004794                __aeabi_cdcmpeq
                0x080047a4                __aeabi_dcmpeq
                0x080047b8                __aeabi_dcmplt
                0x080047cc                __aeabi_dcmple
                0x080047e0                __aeabi_dcmpge
                0x080047f4                __aeabi_dcmpgt
 .text          0x08004808       0x2c /usr/lib/gcc/arm-none-eabi/13.2.1/thumb/v7-m/nofp/libgcc.a(_arm_unorddf2.o)
                0x08004808                __aeabi_dcmpun
                0x08004808                __unorddf2
 .text          0x08004834       0x50 /usr/lib/gcc/arm-none-eabi/13.2.1/thumb/v7-m/nofp/libgcc.a(_arm_fixdfsi.o)
                0x08004834                __fixdfsi
                0x08004834                __aeabi_d2iz
 .text          0x08004884       0x40 /usr/lib/gcc/arm-none-eabi/13.2.1/thumb/v7-m/nofp/libgcc.a(_arm_fixunsdfsi.o)
                0x08004884                __fixunsdfsi
                0x08004884                __aeabi_d2uiz
 *(.text*)
 .text.main     0x080048c4       0x44 build/User/main.o
                0x080048c4                main
 .text.SystemInit
                0x08004908        0xc build/Drivers/CMSIS/Device/ST/STM32F1xx/Source/Templates/system_stm32f1xx.o
                0x08004908                SystemInit
 .text.NMI_Handler
                0x08004914        0xc build/User/stm32f1xx_it.o
                0x08004914                NMI_Handler
 .text.HardFault_Handler
                0x08004920        0x8 build/User/stm32f1xx_it.o
                0x08004920                HardFault_Handler
 .text.MemManage_Handler
                0x08004928        0x8 build/User/stm32f1xx_it.o
                0x08004928                MemManage_Handler
 .text.BusFault_Handler
                0x08004930        0x8 build/User/stm32f1xx_it.o
                0x08004930                BusFault_Handler
 .text.UsageFault_Handler
                0x08004938        0x8 build/User/stm32f1xx_it.o
                0x08004938                UsageFault_Handler
 .text.DebugMon_Handler
                0x08004940        0xc build/User/stm32f1xx_it.o
                0x08004940                DebugMon_Handler
 .text.freertos_demo
                0x0800494c       0xc0 build/User/freertos_demo.o
                0x0800494c                freertos_demo
 .text.start_task
                0x08004a0c       0x88 build/User/freertos_demo.o
                0x08004a0c                start_task
 .text.task1    0x08004a94       0x20 build/User/freertos_demo.o
                0x08004a94                task1
 .text.task2    0x08004ab4       0x20 build/User/freertos_demo.o
                0x08004ab4                task2
 .text.task3    0x08004ad4       0x34 build/User/freertos_demo.o
                0x08004ad4                task3
 .text._sbrk    0x08004b08       0x5c build/User/syscalls.o
                0x08004b08                _sbrk
 .text._write   0x08004b64       0x6c build/User/syscalls.o
                0x08004b64                _write
 .text._read    0x08004bd0       0x18 build/User/syscalls.o
                0x08004bd0                _read
 .text._close   0x08004be8       0x16 build/User/syscalls.o
                0x08004be8                _close
 .text._fstat   0x08004bfe       0x1e build/User/syscalls.o
                0x08004bfe                _fstat
 .text._isatty  0x08004c1c       0x14 build/User/syscalls.o
                0x08004c1c                _isatty
 .text._lseek   0x08004c30       0x18 build/User/syscalls.o
                0x08004c30                _lseek
 .text._kill    0x08004c48       0x20 build/User/syscalls.o
                0x08004c48                _kill
 .text._getpid  0x08004c68        0xe build/User/syscalls.o
                0x08004c68                _getpid
 .text.SysTick_Handler
                0x08004c76       0x1a build/Drivers/SYSTEM/delay/delay.o
                0x08004c76                SysTick_Handler
 .text.delay_init
                0x08004c90       0x64 build/Drivers/SYSTEM/delay/delay.o
                0x08004c90                delay_init
 .text.delay_us
                0x08004cf4       0x7c build/Drivers/SYSTEM/delay/delay.o
                0x08004cf4                delay_us
 .text.delay_ms
                0x08004d70       0x30 build/Drivers/SYSTEM/delay/delay.o
                0x08004d70                delay_ms
 .text.sys_stm32_clock_init
                0x08004da0       0x82 build/Drivers/SYSTEM/sys/sys.o
                0x08004da0                sys_stm32_clock_init
 *fill*         0x08004e22        0x2 
 .text.usart_init
                0x08004e24       0x58 build/Drivers/SYSTEM/usart/usart.o
                0x08004e24                usart_init
 .text.HAL_UART_MspInit
                0x08004e7c       0xb4 build/Drivers/SYSTEM/usart/usart.o
                0x08004e7c                HAL_UART_MspInit
 .text.HAL_UART_RxCpltCallback
                0x08004f30       0xb4 build/Drivers/SYSTEM/usart/usart.o
                0x08004f30                HAL_UART_RxCpltCallback
 .text.USART1_IRQHandler
                0x08004fe4       0x14 build/Drivers/SYSTEM/usart/usart.o
                0x08004fe4                USART1_IRQHandler
 .text.HAL_Init
                0x08004ff8       0x2c build/Drivers/STM32F1xx_HAL_Driver/Src/stm32f1xx_hal.o
                0x08004ff8                HAL_Init
 .text.HAL_MspInit
                0x08005024        0xc build/Drivers/STM32F1xx_HAL_Driver/Src/stm32f1xx_hal.o
                0x08005024                HAL_MspInit
 .text.HAL_InitTick
                0x08005030       0x60 build/Drivers/STM32F1xx_HAL_Driver/Src/stm32f1xx_hal.o
                0x08005030                HAL_InitTick
 .text.HAL_IncTick
                0x08005090       0x24 build/Drivers/STM32F1xx_HAL_Driver/Src/stm32f1xx_hal.o
                0x08005090                HAL_IncTick
 .text.HAL_GetTick
                0x080050b4       0x14 build/Drivers/STM32F1xx_HAL_Driver/Src/stm32f1xx_hal.o
                0x080050b4                HAL_GetTick
 .text.__NVIC_SetPriorityGrouping
                0x080050c8       0x48 build/Drivers/STM32F1xx_HAL_Driver/Src/stm32f1xx_hal_cortex.o
 .text.__NVIC_GetPriorityGrouping
                0x08005110       0x1c build/Drivers/STM32F1xx_HAL_Driver/Src/stm32f1xx_hal_cortex.o
 .text.__NVIC_EnableIRQ
                0x0800512c       0x38 build/Drivers/STM32F1xx_HAL_Driver/Src/stm32f1xx_hal_cortex.o
 .text.__NVIC_SetPriority
                0x08005164       0x54 build/Drivers/STM32F1xx_HAL_Driver/Src/stm32f1xx_hal_cortex.o
 .text.NVIC_EncodePriority
                0x080051b8       0x64 build/Drivers/STM32F1xx_HAL_Driver/Src/stm32f1xx_hal_cortex.o
 .text.SysTick_Config
                0x0800521c       0x44 build/Drivers/STM32F1xx_HAL_Driver/Src/stm32f1xx_hal_cortex.o
 .text.HAL_NVIC_SetPriorityGrouping
                0x08005260       0x16 build/Drivers/STM32F1xx_HAL_Driver/Src/stm32f1xx_hal_cortex.o
                0x08005260                HAL_NVIC_SetPriorityGrouping
 .text.HAL_NVIC_SetPriority
                0x08005276       0x38 build/Drivers/STM32F1xx_HAL_Driver/Src/stm32f1xx_hal_cortex.o
                0x08005276                HAL_NVIC_SetPriority
 .text.HAL_NVIC_EnableIRQ
                0x080052ae       0x1c build/Drivers/STM32F1xx_HAL_Driver/Src/stm32f1xx_hal_cortex.o
                0x080052ae                HAL_NVIC_EnableIRQ
 .text.HAL_SYSTICK_Config
                0x080052ca       0x18 build/Drivers/STM32F1xx_HAL_Driver/Src/stm32f1xx_hal_cortex.o
                0x080052ca                HAL_SYSTICK_Config
 *fill*         0x080052e2        0x2 
 .text.HAL_SYSTICK_CLKSourceConfig
                0x080052e4       0x38 build/Drivers/STM32F1xx_HAL_Driver/Src/stm32f1xx_hal_cortex.o
                0x080052e4                HAL_SYSTICK_CLKSourceConfig
 .text.HAL_DMA_Abort_IT
                0x0800531c      0x210 build/Drivers/STM32F1xx_HAL_Driver/Src/stm32f1xx_hal_dma.o
                0x0800531c                HAL_DMA_Abort_IT
 .text.HAL_GPIO_Init
                0x0800552c      0x328 build/Drivers/STM32F1xx_HAL_Driver/Src/stm32f1xx_hal_gpio.o
                0x0800552c                HAL_GPIO_Init
 .text.HAL_GPIO_ReadPin
                0x08005854       0x2e build/Drivers/STM32F1xx_HAL_Driver/Src/stm32f1xx_hal_gpio.o
                0x08005854                HAL_GPIO_ReadPin
 .text.HAL_GPIO_WritePin
                0x08005882       0x30 build/Drivers/STM32F1xx_HAL_Driver/Src/stm32f1xx_hal_gpio.o
                0x08005882                HAL_GPIO_WritePin
 .text.HAL_GPIO_TogglePin
                0x080058b2       0x32 build/Drivers/STM32F1xx_HAL_Driver/Src/stm32f1xx_hal_gpio.o
                0x080058b2                HAL_GPIO_TogglePin
 .text.HAL_RCC_OscConfig
                0x080058e4      0x504 build/Drivers/STM32F1xx_HAL_Driver/Src/stm32f1xx_hal_rcc.o
                0x080058e4                HAL_RCC_OscConfig
 .text.HAL_RCC_ClockConfig
                0x08005de8      0x1d4 build/Drivers/STM32F1xx_HAL_Driver/Src/stm32f1xx_hal_rcc.o
                0x08005de8                HAL_RCC_ClockConfig
 .text.HAL_RCC_GetSysClockFreq
                0x08005fbc       0xbc build/Drivers/STM32F1xx_HAL_Driver/Src/stm32f1xx_hal_rcc.o
                0x08005fbc                HAL_RCC_GetSysClockFreq
 .text.HAL_RCC_GetHCLKFreq
                0x08006078       0x14 build/Drivers/STM32F1xx_HAL_Driver/Src/stm32f1xx_hal_rcc.o
                0x08006078                HAL_RCC_GetHCLKFreq
 .text.HAL_RCC_GetPCLK1Freq
                0x0800608c       0x28 build/Drivers/STM32F1xx_HAL_Driver/Src/stm32f1xx_hal_rcc.o
                0x0800608c                HAL_RCC_GetPCLK1Freq
 .text.HAL_RCC_GetPCLK2Freq
                0x080060b4       0x28 build/Drivers/STM32F1xx_HAL_Driver/Src/stm32f1xx_hal_rcc.o
                0x080060b4                HAL_RCC_GetPCLK2Freq
 .text.RCC_Delay
                0x080060dc       0x3c build/Drivers/STM32F1xx_HAL_Driver/Src/stm32f1xx_hal_rcc.o
 .text.HAL_UART_Init
                0x08006118       0x9a build/Drivers/STM32F1xx_HAL_Driver/Src/stm32f1xx_hal_uart.o
                0x08006118                HAL_UART_Init
 .text.HAL_UART_Receive_IT
                0x080061b2       0xa8 build/Drivers/STM32F1xx_HAL_Driver/Src/stm32f1xx_hal_uart.o
                0x080061b2                HAL_UART_Receive_IT
 *fill*         0x0800625a        0x2 
 .text.HAL_UART_IRQHandler
                0x0800625c      0x200 build/Drivers/STM32F1xx_HAL_Driver/Src/stm32f1xx_hal_uart.o
                0x0800625c                HAL_UART_IRQHandler
 .text.HAL_UART_TxCpltCallback
                0x0800645c       0x12 build/Drivers/STM32F1xx_HAL_Driver/Src/stm32f1xx_hal_uart.o
                0x0800645c                HAL_UART_TxCpltCallback
 .text.HAL_UART_ErrorCallback
                0x0800646e       0x12 build/Drivers/STM32F1xx_HAL_Driver/Src/stm32f1xx_hal_uart.o
                0x0800646e                HAL_UART_ErrorCallback
 .text.UART_EndRxTransfer
                0x08006480       0x3a build/Drivers/STM32F1xx_HAL_Driver/Src/stm32f1xx_hal_uart.o
 .text.UART_DMAAbortOnError
                0x080064ba       0x28 build/Drivers/STM32F1xx_HAL_Driver/Src/stm32f1xx_hal_uart.o
 .text.UART_Transmit_IT
                0x080064e2       0x9e build/Drivers/STM32F1xx_HAL_Driver/Src/stm32f1xx_hal_uart.o
 .text.UART_EndTransmit_IT
                0x08006580       0x30 build/Drivers/STM32F1xx_HAL_Driver/Src/stm32f1xx_hal_uart.o
 .text.UART_Receive_IT
                0x080065b0      0x100 build/Drivers/STM32F1xx_HAL_Driver/Src/stm32f1xx_hal_uart.o
 .text.UART_SetConfig
                0x080066b0      0x11c build/Drivers/STM32F1xx_HAL_Driver/Src/stm32f1xx_hal_uart.o
 .text.HAL_SRAM_Init
                0x080067cc       0x9a build/Drivers/STM32F1xx_HAL_Driver/Src/stm32f1xx_hal_sram.o
                0x080067cc                HAL_SRAM_Init
 *fill*         0x08006866        0x2 
 .text.FSMC_NORSRAM_Init
                0x08006868       0xd4 build/Drivers/STM32F1xx_HAL_Driver/Src/stm32f1xx_ll_fsmc.o
                0x08006868                FSMC_NORSRAM_Init
 .text.FSMC_NORSRAM_Timing_Init
                0x0800693c       0x68 build/Drivers/STM32F1xx_HAL_Driver/Src/stm32f1xx_ll_fsmc.o
                0x0800693c                FSMC_NORSRAM_Timing_Init
 .text.FSMC_NORSRAM_Extended_Timing_Init
                0x080069a4       0x70 build/Drivers/STM32F1xx_HAL_Driver/Src/stm32f1xx_ll_fsmc.o
                0x080069a4                FSMC_NORSRAM_Extended_Timing_Init
 .text.HAL_TIM_IRQHandler
                0x08006a14      0x210 build/Drivers/STM32F1xx_HAL_Driver/Src/stm32f1xx_hal_tim.o
                0x08006a14                HAL_TIM_IRQHandler
 .text.HAL_TIM_OC_DelayElapsedCallback
                0x08006c24       0x12 build/Drivers/STM32F1xx_HAL_Driver/Src/stm32f1xx_hal_tim.o
                0x08006c24                HAL_TIM_OC_DelayElapsedCallback
 .text.HAL_TIM_IC_CaptureCallback
                0x08006c36       0x12 build/Drivers/STM32F1xx_HAL_Driver/Src/stm32f1xx_hal_tim.o
                0x08006c36                HAL_TIM_IC_CaptureCallback
 .text.HAL_TIM_PWM_PulseFinishedCallback
                0x08006c48       0x12 build/Drivers/STM32F1xx_HAL_Driver/Src/stm32f1xx_hal_tim.o
                0x08006c48                HAL_TIM_PWM_PulseFinishedCallback
 .text.HAL_TIM_TriggerCallback
                0x08006c5a       0x12 build/Drivers/STM32F1xx_HAL_Driver/Src/stm32f1xx_hal_tim.o
                0x08006c5a                HAL_TIM_TriggerCallback
 .text.HAL_TIMEx_CommutCallback
                0x08006c6c       0x12 build/Drivers/STM32F1xx_HAL_Driver/Src/stm32f1xx_hal_tim_ex.o
                0x08006c6c                HAL_TIMEx_CommutCallback
 .text.HAL_TIMEx_BreakCallback
                0x08006c7e       0x12 build/Drivers/STM32F1xx_HAL_Driver/Src/stm32f1xx_hal_tim_ex.o
                0x08006c7e                HAL_TIMEx_BreakCallback
 .text.led_init
                0x08006c90       0x8c build/Drivers/BSP/LED/led.o
                0x08006c90                led_init
 .text.lcd_ex_st7789_reginit
                0x08006d1c      0x1ac build/Drivers/BSP/LCD/lcd.o
                0x08006d1c                lcd_ex_st7789_reginit
 .text.lcd_ex_ili9341_reginit
                0x08006ec8      0x230 build/Drivers/BSP/LCD/lcd.o
                0x08006ec8                lcd_ex_ili9341_reginit
 .text.lcd_ex_nt35310_reginit
                0x080070f8      0xef6 build/Drivers/BSP/LCD/lcd.o
                0x080070f8                lcd_ex_nt35310_reginit
 .text.lcd_ex_st7796_reginit
                0x08007fee      0x1ca build/Drivers/BSP/LCD/lcd.o
                0x08007fee                lcd_ex_st7796_reginit
 .text.lcd_ex_nt35510_reginit
                0x080081b8      0xf00 build/Drivers/BSP/LCD/lcd.o
                0x080081b8                lcd_ex_nt35510_reginit
 .text.lcd_ex_ili9806_reginit
                0x080090b8      0x344 build/Drivers/BSP/LCD/lcd.o
                0x080090b8                lcd_ex_ili9806_reginit
 .text.lcd_ex_ssd1963_reginit
                0x080093fc      0x172 build/Drivers/BSP/LCD/lcd.o
                0x080093fc                lcd_ex_ssd1963_reginit
 *fill*         0x0800956e        0x2 
 .text.lcd_wr_data
                0x08009570       0x28 build/Drivers/BSP/LCD/lcd.o
                0x08009570                lcd_wr_data
 .text.lcd_wr_regno
                0x08009598       0x28 build/Drivers/BSP/LCD/lcd.o
                0x08009598                lcd_wr_regno
 .text.lcd_write_reg
                0x080095c0       0x2c build/Drivers/BSP/LCD/lcd.o
                0x080095c0                lcd_write_reg
 .text.lcd_opt_delay
                0x080095ec       0x20 build/Drivers/BSP/LCD/lcd.o
 .text.lcd_rd_data
                0x0800960c       0x24 build/Drivers/BSP/LCD/lcd.o
 .text.lcd_write_ram_prepare
                0x08009630       0x1c build/Drivers/BSP/LCD/lcd.o
                0x08009630                lcd_write_ram_prepare
 .text.lcd_set_cursor
                0x0800964c      0x1ac build/Drivers/BSP/LCD/lcd.o
                0x0800964c                lcd_set_cursor
 .text.lcd_scan_dir
                0x080097f8      0x304 build/Drivers/BSP/LCD/lcd.o
                0x080097f8                lcd_scan_dir
 .text.lcd_draw_point
                0x08009afc       0x34 build/Drivers/BSP/LCD/lcd.o
                0x08009afc                lcd_draw_point
 .text.lcd_ssd_backlight_set
                0x08009b30       0x68 build/Drivers/BSP/LCD/lcd.o
                0x08009b30                lcd_ssd_backlight_set
 .text.lcd_display_dir
                0x08009b98      0x1b0 build/Drivers/BSP/LCD/lcd.o
                0x08009b98                lcd_display_dir
 .text.HAL_SRAM_MspInit
                0x08009d48       0x94 build/Drivers/BSP/LCD/lcd.o
                0x08009d48                HAL_SRAM_MspInit
 .text.lcd_init
                0x08009ddc      0x4e0 build/Drivers/BSP/LCD/lcd.o
                0x08009ddc                lcd_init
 .text.lcd_clear
                0x0800a2bc       0x5c build/Drivers/BSP/LCD/lcd.o
                0x0800a2bc                lcd_clear
 .text.lcd_show_char
                0x0800a318      0x1bc build/Drivers/BSP/LCD/lcd.o
                0x0800a318                lcd_show_char
 .text.lcd_show_string
                0x0800a4d4       0xa0 build/Drivers/BSP/LCD/lcd.o
                0x0800a4d4                lcd_show_string
 .text.key_init
                0x0800a574       0xec build/Drivers/BSP/KEY/key.o
                0x0800a574                key_init
 .text.key_scan
                0x0800a660      0x104 build/Drivers/BSP/KEY/key.o
                0x0800a660                key_scan
 .text.sram_init
                0x0800a764      0x1f8 build/Drivers/BSP/SRAM/sram.o
                0x0800a764                sram_init
 .text.TIM6_IRQHandler
                0x0800a95c       0x14 build/Drivers/BSP/TIMER/btim.o
                0x0800a95c                TIM6_IRQHandler
 .text.HAL_TIM_PeriodElapsedCallback
                0x0800a970       0x28 build/Drivers/BSP/TIMER/btim.o
                0x0800a970                HAL_TIM_PeriodElapsedCallback
 .text.my_mem_set
                0x0800a998       0x34 build/Middlewares/MALLOC/malloc.o
                0x0800a998                my_mem_set
 .text.my_mem_init
                0x0800a9cc       0x48 build/Middlewares/MALLOC/malloc.o
                0x0800a9cc                my_mem_init
 .text.my_mem_perused
                0x0800aa14       0x70 build/Middlewares/MALLOC/malloc.o
                0x0800aa14                my_mem_perused
 .text.vListInitialise
                0x0800aa84       0x3e build/Middlewares/FreeRTOS/list.o
                0x0800aa84                vListInitialise
 .text.vListInitialiseItem
                0x0800aac2       0x18 build/Middlewares/FreeRTOS/list.o
                0x0800aac2                vListInitialiseItem
 .text.vListInsertEnd
                0x0800aada       0x46 build/Middlewares/FreeRTOS/list.o
                0x0800aada                vListInsertEnd
 .text.vListInsert
                0x0800ab20       0x70 build/Middlewares/FreeRTOS/list.o
                0x0800ab20                vListInsert
 .text.uxListRemove
                0x0800ab90       0x52 build/Middlewares/FreeRTOS/list.o
                0x0800ab90                uxListRemove
 *fill*         0x0800abe2        0x2 
 .text.xQueueGenericReset
                0x0800abe4      0x114 build/Middlewares/FreeRTOS/queue.o
                0x0800abe4                xQueueGenericReset
 .text.xQueueGenericCreate
                0x0800acf8       0x9c build/Middlewares/FreeRTOS/queue.o
                0x0800acf8                xQueueGenericCreate
 .text.prvInitialiseNewQueue
                0x0800ad94       0x4c build/Middlewares/FreeRTOS/queue.o
 .text.xQueueReceive
                0x0800ade0      0x1a8 build/Middlewares/FreeRTOS/queue.o
                0x0800ade0                xQueueReceive
 .text.prvCopyDataToQueue
                0x0800af88       0xd4 build/Middlewares/FreeRTOS/queue.o
 .text.prvCopyDataFromQueue
                0x0800b05c       0x4c build/Middlewares/FreeRTOS/queue.o
 .text.prvUnlockQueue
                0x0800b0a8       0xbe build/Middlewares/FreeRTOS/queue.o
 .text.prvIsQueueEmpty
                0x0800b166       0x2c build/Middlewares/FreeRTOS/queue.o
 *fill*         0x0800b192        0x2 
 .text.vQueueAddToRegistry
                0x0800b194       0x98 build/Middlewares/FreeRTOS/queue.o
                0x0800b194                vQueueAddToRegistry
 .text.vQueueWaitForMessageRestricted
                0x0800b22c       0x68 build/Middlewares/FreeRTOS/queue.o
                0x0800b22c                vQueueWaitForMessageRestricted
 .text.prvNotifyQueueSetContainer
                0x0800b294       0xbc build/Middlewares/FreeRTOS/queue.o
 .text.xTaskCreate
                0x0800b350       0x82 build/Middlewares/FreeRTOS/tasks.o
                0x0800b350                xTaskCreate
 *fill*         0x0800b3d2        0x2 
 .text.prvInitialiseNewTask
                0x0800b3d4      0x144 build/Middlewares/FreeRTOS/tasks.o
 .text.prvAddNewTaskToReadyList
                0x0800b518      0x12c build/Middlewares/FreeRTOS/tasks.o
 .text.vTaskDelete
                0x0800b644      0x128 build/Middlewares/FreeRTOS/tasks.o
                0x0800b644                vTaskDelete
 .text.vTaskDelay
                0x0800b76c       0x68 build/Middlewares/FreeRTOS/tasks.o
                0x0800b76c                vTaskDelay
 .text.vTaskStartScheduler
                0x0800b7d4       0xa0 build/Middlewares/FreeRTOS/tasks.o
                0x0800b7d4                vTaskStartScheduler
 .text.vTaskSuspendAll
                0x0800b874       0x1c build/Middlewares/FreeRTOS/tasks.o
                0x0800b874                vTaskSuspendAll
 .text.xTaskResumeAll
                0x0800b890      0x1f4 build/Middlewares/FreeRTOS/tasks.o
                0x0800b890                xTaskResumeAll
 .text.xTaskGetTickCount
                0x0800ba84       0x1c build/Middlewares/FreeRTOS/tasks.o
                0x0800ba84                xTaskGetTickCount
 .text.xTaskIncrementTick
                0x0800baa0      0x22c build/Middlewares/FreeRTOS/tasks.o
                0x0800baa0                xTaskIncrementTick
 .text.vTaskSwitchContext
                0x0800bccc       0xb0 build/Middlewares/FreeRTOS/tasks.o
                0x0800bccc                vTaskSwitchContext
 .text.vTaskPlaceOnEventList
                0x0800bd7c       0x48 build/Middlewares/FreeRTOS/tasks.o
                0x0800bd7c                vTaskPlaceOnEventList
 .text.vTaskPlaceOnEventListRestricted
                0x0800bdc4       0x88 build/Middlewares/FreeRTOS/tasks.o
                0x0800bdc4                vTaskPlaceOnEventListRestricted
 .text.xTaskRemoveFromEventList
                0x0800be4c      0x1a8 build/Middlewares/FreeRTOS/tasks.o
                0x0800be4c                xTaskRemoveFromEventList
 .text.vTaskInternalSetTimeOutState
                0x0800bff4       0x2c build/Middlewares/FreeRTOS/tasks.o
                0x0800bff4                vTaskInternalSetTimeOutState
 .text.xTaskCheckForTimeOut
                0x0800c020       0xe0 build/Middlewares/FreeRTOS/tasks.o
                0x0800c020                xTaskCheckForTimeOut
 .text.vTaskMissedYield
                0x0800c100       0x18 build/Middlewares/FreeRTOS/tasks.o
                0x0800c100                vTaskMissedYield
 .text.prvIdleTask
                0x0800c118       0x30 build/Middlewares/FreeRTOS/tasks.o
 .text.prvInitialiseTaskLists
                0x0800c148       0x80 build/Middlewares/FreeRTOS/tasks.o
 .text.prvCheckTasksWaitingTermination
                0x0800c1c8       0x5c build/Middlewares/FreeRTOS/tasks.o
 .text.prvDeleteTCB
                0x0800c224       0x20 build/Middlewares/FreeRTOS/tasks.o
 .text.prvResetNextTaskUnblockTime
                0x0800c244       0x34 build/Middlewares/FreeRTOS/tasks.o
 .text.xTaskGetSchedulerState
                0x0800c278       0x3c build/Middlewares/FreeRTOS/tasks.o
                0x0800c278                xTaskGetSchedulerState
 .text.xTaskPriorityDisinherit
                0x0800c2b4      0x13c build/Middlewares/FreeRTOS/tasks.o
                0x0800c2b4                xTaskPriorityDisinherit
 .text.prvAddCurrentTaskToDelayedList
                0x0800c3f0      0x108 build/Middlewares/FreeRTOS/tasks.o
 .text.xTimerCreateTimerTask
                0x0800c4f8       0x64 build/Middlewares/FreeRTOS/timers.o
                0x0800c4f8                xTimerCreateTimerTask
 .text.prvReloadTimer
                0x0800c55c       0x42 build/Middlewares/FreeRTOS/timers.o
 *fill*         0x0800c59e        0x2 
 .text.prvProcessExpiredTimer
                0x0800c5a0       0x60 build/Middlewares/FreeRTOS/timers.o
 .text.prvTimerTask
                0x0800c600       0x26 build/Middlewares/FreeRTOS/timers.o
 *fill*         0x0800c626        0x2 
 .text.prvProcessTimerOrBlockTask
                0x0800c628       0x9c build/Middlewares/FreeRTOS/timers.o
 .text.prvGetNextExpireTime
                0x0800c6c4       0x44 build/Middlewares/FreeRTOS/timers.o
 .text.prvSampleTimeNow
                0x0800c708       0x40 build/Middlewares/FreeRTOS/timers.o
 .text.prvInsertTimerInActiveList
                0x0800c748       0x84 build/Middlewares/FreeRTOS/timers.o
 .text.prvProcessReceivedCommands
                0x0800c7cc      0x1ac build/Middlewares/FreeRTOS/timers.o
 .text.prvSwitchTimerLists
                0x0800c978       0x4c build/Middlewares/FreeRTOS/timers.o
 .text.prvCheckForValidListAndQueue
                0x0800c9c4       0x6c build/Middlewares/FreeRTOS/timers.o
 .text.pvPortMalloc
                0x0800ca30      0x1a8 build/Middlewares/FreeRTOS/portable/MemMang/heap_4.o
                0x0800ca30                pvPortMalloc
 .text.vPortFree
                0x0800cbd8       0xb8 build/Middlewares/FreeRTOS/portable/MemMang/heap_4.o
                0x0800cbd8                vPortFree
 .text.prvHeapInit
                0x0800cc90       0xc4 build/Middlewares/FreeRTOS/portable/MemMang/heap_4.o
 .text.prvInsertBlockIntoFreeList
                0x0800cd54       0xb0 build/Middlewares/FreeRTOS/portable/MemMang/heap_4.o
 .text.pxPortInitialiseStack
                0x0800ce04       0x58 build/Middlewares/FreeRTOS/portable/GCC/ARM_CM3/port.o
                0x0800ce04                pxPortInitialiseStack
 .text.prvTaskExitError
                0x0800ce5c       0x50 build/Middlewares/FreeRTOS/portable/GCC/ARM_CM3/port.o
 *fill*         0x0800ceac        0x4 
 .text.SVC_Handler
                0x0800ceb0       0x28 build/Middlewares/FreeRTOS/portable/GCC/ARM_CM3/port.o
                0x0800ceb0                SVC_Handler
 .text.prvPortStartFirstTask
                0x0800ced8       0x24 build/Middlewares/FreeRTOS/portable/GCC/ARM_CM3/port.o
 .text.xPortStartScheduler
                0x0800cefc       0xf8 build/Middlewares/FreeRTOS/portable/GCC/ARM_CM3/port.o
                0x0800cefc                xPortStartScheduler
 .text.vPortEnterCritical
                0x0800cff4       0x5c build/Middlewares/FreeRTOS/portable/GCC/ARM_CM3/port.o
                0x0800cff4                vPortEnterCritical
 .text.vPortExitCritical
                0x0800d050       0x4c build/Middlewares/FreeRTOS/portable/GCC/ARM_CM3/port.o
                0x0800d050                vPortExitCritical
 *fill*         0x0800d09c        0x4 
 .text.PendSV_Handler
                0x0800d0a0       0x48 build/Middlewares/FreeRTOS/portable/GCC/ARM_CM3/port.o
                0x0800d0a0                PendSV_Handler
 .text.xPortSysTickHandler
                0x0800d0e8       0x44 build/Middlewares/FreeRTOS/portable/GCC/ARM_CM3/port.o
                0x0800d0e8                xPortSysTickHandler
 .text.vPortSetupTimerInterrupt
                0x0800d12c       0x44 build/Middlewares/FreeRTOS/portable/GCC/ARM_CM3/port.o
                0x0800d12c                vPortSetupTimerInterrupt
 .text.Reset_Handler
                0x0800d170       0x50 build/startup_stm32f103xe_gcc.o
                0x0800d170                Reset_Handler
 .text.Default_Handler
                0x0800d1c0        0x2 build/startup_stm32f103xe_gcc.o
                0x0800d1c0                RTC_Alarm_IRQHandler
                0x0800d1c0                EXTI2_IRQHandler
                0x0800d1c0                TIM8_TRG_COM_IRQHandler
                0x0800d1c0                TIM8_CC_IRQHandler
                0x0800d1c0                TIM1_CC_IRQHandler
                0x0800d1c0                PVD_IRQHandler
                0x0800d1c0                SDIO_IRQHandler
                0x0800d1c0                EXTI3_IRQHandler
                0x0800d1c0                EXTI0_IRQHandler
                0x0800d1c0                I2C2_EV_IRQHandler
                0x0800d1c0                ADC1_2_IRQHandler
                0x0800d1c0                SPI1_IRQHandler
                0x0800d1c0                TAMPER_IRQHandler
                0x0800d1c0                TIM8_UP_IRQHandler
                0x0800d1c0                DMA2_Channel2_IRQHandler
                0x0800d1c0                DMA1_Channel4_IRQHandler
                0x0800d1c0                USART3_IRQHandler
                0x0800d1c0                RTC_IRQHandler
                0x0800d1c0                DMA1_Channel7_IRQHandler
                0x0800d1c0                CAN1_RX1_IRQHandler
                0x0800d1c0                UART5_IRQHandler
                0x0800d1c0                ADC3_IRQHandler
                0x0800d1c0                TIM4_IRQHandler
                0x0800d1c0                DMA2_Channel1_IRQHandler
                0x0800d1c0                I2C1_EV_IRQHandler
                0x0800d1c0                DMA1_Channel6_IRQHandler
                0x0800d1c0                UART4_IRQHandler
                0x0800d1c0                TIM3_IRQHandler
                0x0800d1c0                RCC_IRQHandler
                0x0800d1c0                TIM1_TRG_COM_IRQHandler
                0x0800d1c0                DMA1_Channel1_IRQHandler
                0x0800d1c0                Default_Handler
                0x0800d1c0                EXTI15_10_IRQHandler
                0x0800d1c0                TIM7_IRQHandler
                0x0800d1c0                TIM5_IRQHandler
                0x0800d1c0                EXTI9_5_IRQHandler
                0x0800d1c0                SPI2_IRQHandler
                0x0800d1c0                DMA1_Channel5_IRQHandler
                0x0800d1c0                EXTI4_IRQHandler
                0x0800d1c0                USB_LP_CAN1_RX0_IRQHandler
                0x0800d1c0                USB_HP_CAN1_TX_IRQHandler
                0x0800d1c0                DMA1_Channel3_IRQHandler
                0x0800d1c0                FSMC_IRQHandler
                0x0800d1c0                TIM1_UP_IRQHandler
                0x0800d1c0                WWDG_IRQHandler
                0x0800d1c0                TIM2_IRQHandler
                0x0800d1c0                TIM1_BRK_IRQHandler
                0x0800d1c0                EXTI1_IRQHandler
                0x0800d1c0                DMA2_Channel4_5_IRQHandler
                0x0800d1c0                USART2_IRQHandler
                0x0800d1c0                I2C2_ER_IRQHandler
                0x0800d1c0                DMA1_Channel2_IRQHandler
                0x0800d1c0                TIM8_BRK_IRQHandler
                0x0800d1c0                CAN1_SCE_IRQHandler
                0x0800d1c0                FLASH_IRQHandler
                0x0800d1c0                SPI3_IRQHandler
                0x0800d1c0                I2C1_ER_IRQHandler
                0x0800d1c0                USBWakeUp_IRQHandler
                0x0800d1c0                DMA2_Channel3_IRQHandler
 *(.glue_7)
 .glue_7        0x0800d1c2        0x0 linker stubs
 *(.glue_7t)
 .glue_7t       0x0800d1c2        0x0 linker stubs
 *(.eh_frame)
 *fill*         0x0800d1c2        0x2 
 .eh_frame      0x0800d1c4        0x0 /usr/lib/gcc/arm-none-eabi/13.2.1/thumb/v7-m/nofp/crtbegin.o
 *(.init)
 .init          0x0800d1c4        0x4 /usr/lib/gcc/arm-none-eabi/13.2.1/thumb/v7-m/nofp/crti.o
                0x0800d1c4                _init
 .init          0x0800d1c8        0x8 /usr/lib/gcc/arm-none-eabi/13.2.1/thumb/v7-m/nofp/crtn.o
 *(.fini)
 .fini          0x0800d1d0        0x4 /usr/lib/gcc/arm-none-eabi/13.2.1/thumb/v7-m/nofp/crti.o
                0x0800d1d0                _fini
 .fini          0x0800d1d4        0x8 /usr/lib/gcc/arm-none-eabi/13.2.1/thumb/v7-m/nofp/crtn.o
                0x0800d1dc                        . = ALIGN (0x4)
                0x0800d1dc                        _etext = .

.vfp11_veneer   0x0800d1dc        0x0
 .vfp11_veneer  0x0800d1dc        0x0 linker stubs

.v4_bx          0x0800d1dc        0x0
 .v4_bx         0x0800d1dc        0x0 linker stubs

.iplt           0x0800d1dc        0x0
 .iplt          0x0800d1dc        0x0 /usr/lib/gcc/arm-none-eabi/13.2.1/thumb/v7-m/nofp/crtbegin.o

.rodata         0x0800d1e0     0x34d0
                0x0800d1e0                        . = ALIGN (0x4)
 *(.rodata)
 .rodata        0x0800d1e0       0x6a build/User/freertos_demo.o
 *fill*         0x0800d24a        0x2 
 .rodata        0x0800d24c       0x10 build/Drivers/STM32F1xx_HAL_Driver/Src/stm32f1xx_hal_rcc.o
 .rodata        0x0800d25c        0xc build/Drivers/BSP/LCD/lcd.o
 .rodata        0x0800d268       0x30 build/Middlewares/FreeRTOS/queue.o
 .rodata        0x0800d298       0x47 build/Middlewares/FreeRTOS/tasks.o
 *fill*         0x0800d2df        0x1 
 .rodata        0x0800d2e0       0x3d build/Middlewares/FreeRTOS/timers.o
 *fill*         0x0800d31d        0x3 
 .rodata        0x0800d320       0x40 build/Middlewares/FreeRTOS/portable/MemMang/heap_4.o
 .rodata        0x0800d360       0x44 build/Middlewares/FreeRTOS/portable/GCC/ARM_CM3/port.o
 *fill*         0x0800d3a4        0x4 
 .rodata        0x0800d3a8      0x128 /usr/lib/gcc/arm-none-eabi/13.2.1/../../../arm-none-eabi/lib/thumb/v7-m/nofp/libc_nano.a(libc_a-mprec.o)
                0x0800d3b8                __mprec_tens
                0x0800d480                __mprec_tinytens
                0x0800d4a8                __mprec_bigtens
 .rodata        0x0800d4d0      0x101 /usr/lib/gcc/arm-none-eabi/13.2.1/../../../arm-none-eabi/lib/thumb/v7-m/nofp/libc_nano.a(libc_a-ctype_.o)
                0x0800d4d0                _ctype_
 *(.rodata*)
 *fill*         0x0800d5d1        0x3 
 .rodata.AHBPrescTable
                0x0800d5d4       0x10 build/Drivers/CMSIS/Device/ST/STM32F1xx/Source/Templates/system_stm32f1xx.o
                0x0800d5d4                AHBPrescTable
 .rodata.APBPrescTable
                0x0800d5e4        0x8 build/Drivers/CMSIS/Device/ST/STM32F1xx/Source/Templates/system_stm32f1xx.o
                0x0800d5e4                APBPrescTable
 .rodata.asc2_1206
                0x0800d5ec      0x474 build/Drivers/BSP/LCD/lcd.o
                0x0800d5ec                asc2_1206
 .rodata.asc2_1608
                0x0800da60      0x5f0 build/Drivers/BSP/LCD/lcd.o
                0x0800da60                asc2_1608
 .rodata.asc2_2412
                0x0800e050      0xd5c build/Drivers/BSP/LCD/lcd.o
                0x0800e050                asc2_2412
 .rodata.asc2_3216
                0x0800edac     0x17c0 build/Drivers/BSP/LCD/lcd.o
                0x0800edac                asc2_3216
 .rodata.memtblsize
                0x0801056c        0x8 build/Middlewares/MALLOC/malloc.o
                0x0801056c                memtblsize
 .rodata.uxTopUsedPriority
                0x08010574        0x4 build/Middlewares/FreeRTOS/tasks.o
                0x08010574                uxTopUsedPriority
 .rodata.str1.4
                0x08010578      0x136 /usr/lib/gcc/arm-none-eabi/13.2.1/../../../arm-none-eabi/lib/thumb/v7-m/nofp/libc_nano.a(libc_a-nano-vfprintf_float.o)
                                 0x12 (size before relaxing)
 .rodata.str1.4
                0x080106ae       0x69 /usr/lib/gcc/arm-none-eabi/13.2.1/../../../arm-none-eabi/lib/thumb/v7-m/nofp/libc_nano.a(libc_a-dtoa.o)
 .rodata.str1.4
                0x080106ae       0x25 /usr/lib/gcc/arm-none-eabi/13.2.1/../../../arm-none-eabi/lib/thumb/v7-m/nofp/libc_nano.a(libc_a-nano-vfprintf_i.o)
 .rodata.str1.4
                0x080106ae       0x13 /usr/lib/gcc/arm-none-eabi/13.2.1/../../../arm-none-eabi/lib/thumb/v7-m/nofp/libc_nano.a(libc_a-nano-vfprintf.o)
 .rodata.str1.4
                0x080106ae       0x43 /usr/lib/gcc/arm-none-eabi/13.2.1/../../../arm-none-eabi/lib/thumb/v7-m/nofp/libc_nano.a(libc_a-assert.o)
 .rodata.str1.4
                0x080106ae       0x59 /usr/lib/gcc/arm-none-eabi/13.2.1/../../../arm-none-eabi/lib/thumb/v7-m/nofp/libc_nano.a(libc_a-mprec.o)
 .rodata.str1.4
                0x080106ae       0x12 /usr/lib/gcc/arm-none-eabi/13.2.1/../../../arm-none-eabi/lib/thumb/v7-m/nofp/libc_nano.a(libc_a-locale.o)
                0x08010718                        . = ALIGN (0x4)
 *fill*         0x080106ae        0x2 

.ARM.extab
 *(.ARM.extab* .gnu.linkonce.armextab.*)

.ARM            0x080106b0        0x8
                0x080106b0                        __exidx_start = .
 *(.ARM.exidx*)
 .ARM.exidx     0x080106b0        0x8 /usr/lib/gcc/arm-none-eabi/13.2.1/../../../arm-none-eabi/lib/thumb/v7-m/nofp/libc_nano.a(libc_a-memcpy.o)
                0x080106b8                        __exidx_end = .

.rel.dyn        0x080106b8        0x0
 .rel.iplt      0x080106b8        0x0 /usr/lib/gcc/arm-none-eabi/13.2.1/thumb/v7-m/nofp/crtbegin.o

.preinit_array  0x080106b8        0x0
                0x080106b8                        PROVIDE (__preinit_array_start = .)
 *(.preinit_array*)
                0x080106b8                        PROVIDE (__preinit_array_end = .)

.init_array     0x080106b8        0x4
                0x080106b8                        PROVIDE (__init_array_start = .)
 *(SORT_BY_NAME(.init_array.*))
 *(.init_array*)
 .init_array    0x080106b8        0x4 /usr/lib/gcc/arm-none-eabi/13.2.1/thumb/v7-m/nofp/crtbegin.o
                0x080106bc                        PROVIDE (__init_array_end = .)

.fini_array     0x080106bc        0x4
                0x080106bc                        PROVIDE (__fini_array_start = .)
 *(SORT_BY_NAME(.fini_array.*))
 *(.fini_array*)
 .fini_array    0x080106bc        0x4 /usr/lib/gcc/arm-none-eabi/13.2.1/thumb/v7-m/nofp/crtbegin.o
                0x080106c0                        PROVIDE (__fini_array_end = .)
                0x080106c0                        _sidata = LOADADDR (.data)

.data           0x20000000      0x1fc load address 0x080106c0
                0x20000000                        . = ALIGN (0x4)
                0x20000000                        _sdata = .
 *(.data)
 .data          0x20000000       0x50 /usr/lib/gcc/arm-none-eabi/13.2.1/../../../arm-none-eabi/lib/thumb/v7-m/nofp/libc_nano.a(libc_a-impure.o)
                0x20000000                _impure_ptr
                0x20000004                _impure_data
 .data          0x20000050        0xc /usr/lib/gcc/arm-none-eabi/13.2.1/../../../arm-none-eabi/lib/thumb/v7-m/nofp/libc_nano.a(libc_a-findfp.o)
                0x20000050                __sglue
 .data          0x2000005c      0x16c /usr/lib/gcc/arm-none-eabi/13.2.1/../../../arm-none-eabi/lib/thumb/v7-m/nofp/libc_nano.a(libc_a-locale.o)
                0x2000005c                __global_locale
 *(.data*)
 .data.SystemCoreClock
                0x200001c8        0x4 build/Drivers/CMSIS/Device/ST/STM32F1xx/Source/Templates/system_stm32f1xx.o
                0x200001c8                SystemCoreClock
 .data.uwTickPrio
                0x200001cc        0x4 build/Drivers/STM32F1xx_HAL_Driver/Src/stm32f1xx_hal.o
                0x200001cc                uwTickPrio
 .data.uwTickFreq
                0x200001d0        0x1 build/Drivers/STM32F1xx_HAL_Driver/Src/stm32f1xx_hal.o
                0x200001d0                uwTickFreq
 *fill*         0x200001d1        0x3 
 .data.g_back_color
                0x200001d4        0x4 build/Drivers/BSP/LCD/lcd.o
                0x200001d4                g_back_color
 .data.key_up.0
                0x200001d8        0x1 build/Drivers/BSP/KEY/key.o
 *fill*         0x200001d9        0x3 
 .data.mallco_dev
                0x200001dc       0x1c build/Middlewares/MALLOC/malloc.o
                0x200001dc                mallco_dev
 .data.uxCriticalNesting
                0x200001f8        0x4 build/Middlewares/FreeRTOS/portable/GCC/ARM_CM3/port.o
                0x200001fc                        . = ALIGN (0x4)
                0x200001fc                        _edata = .

.tm_clone_table
                0x200001fc        0x0 load address 0x080108bc
 .tm_clone_table
                0x200001fc        0x0 /usr/lib/gcc/arm-none-eabi/13.2.1/thumb/v7-m/nofp/crtbegin.o
 .tm_clone_table
                0x200001fc        0x0 /usr/lib/gcc/arm-none-eabi/13.2.1/thumb/v7-m/nofp/crtend.o

.igot.plt       0x200001fc        0x0 load address 0x080108bc
 .igot.plt      0x200001fc        0x0 /usr/lib/gcc/arm-none-eabi/13.2.1/thumb/v7-m/nofp/crtbegin.o
                0x200001fc                        . = ALIGN (0x4)

.bss            0x20000200     0xaec4 load address 0x080108bc
                0x20000200                        _sbss = .
                0x20000200                        __bss_start__ = _sbss
 *(.bss)
 .bss           0x20000200       0x1c /usr/lib/gcc/arm-none-eabi/13.2.1/thumb/v7-m/nofp/crtbegin.o
 .bss           0x2000021c        0x8 /usr/lib/gcc/arm-none-eabi/13.2.1/../../../arm-none-eabi/lib/thumb/v7-m/nofp/libc_nano.a(libc_a-mallocr.o)
                0x2000021c                __malloc_sbrk_start
                0x20000220                __malloc_free_list
 .bss           0x20000224      0x13c /usr/lib/gcc/arm-none-eabi/13.2.1/../../../arm-none-eabi/lib/thumb/v7-m/nofp/libc_nano.a(libc_a-findfp.o)
                0x20000224                __sf
                0x2000035c                __stdio_exit_handler
 .bss           0x20000360        0x4 /usr/lib/gcc/arm-none-eabi/13.2.1/../../../arm-none-eabi/lib/thumb/v7-m/nofp/libc_nano.a(libc_a-reent.o)
                0x20000360                errno
 *(.bss*)
 .bss.StartTask_Handler
                0x20000364        0x4 build/User/freertos_demo.o
                0x20000364                StartTask_Handler
 .bss.Task1Task_Handler
                0x20000368        0x4 build/User/freertos_demo.o
                0x20000368                Task1Task_Handler
 .bss.Task2Task_Handler
                0x2000036c        0x4 build/User/freertos_demo.o
                0x2000036c                Task2Task_Handler
 .bss.Task3Task_Handler
                0x20000370        0x4 build/User/freertos_demo.o
                0x20000370                Task3Task_Handler
 .bss.heap_end  0x20000374        0x4 build/User/syscalls.o
 .bss.g_fac_us  0x20000378        0x2 build/Drivers/SYSTEM/delay/delay.o
 *fill*         0x2000037a        0x2 
 .bss.g_usart_rx_buf
                0x2000037c       0xc8 build/Drivers/SYSTEM/usart/usart.o
                0x2000037c                g_usart_rx_buf
 .bss.g_usart_rx_sta
                0x20000444        0x2 build/Drivers/SYSTEM/usart/usart.o
                0x20000444                g_usart_rx_sta
 *fill*         0x20000446        0x2 
 .bss.g_rx_buffer
                0x20000448        0x1 build/Drivers/SYSTEM/usart/usart.o
                0x20000448                g_rx_buffer
 *fill*         0x20000449        0x3 
 .bss.g_uart1_handle
                0x2000044c       0x40 build/Drivers/SYSTEM/usart/usart.o
                0x2000044c                g_uart1_handle
 .bss.uwTick    0x2000048c        0x4 build/Drivers/STM32F1xx_HAL_Driver/Src/stm32f1xx_hal.o
                0x2000048c                uwTick
 .bss.g_sram_handle
                0x20000490       0x48 build/Drivers/BSP/LCD/lcd.o
                0x20000490                g_sram_handle
 .bss.lcddev    0x200004d8        0xe build/Drivers/BSP/LCD/lcd.o
                0x200004d8                lcddev
 *fill*         0x200004e6        0x2 
 .bss.g_sram_handler
                0x200004e8       0x48 build/Drivers/BSP/SRAM/sram.o
                0x200004e8                g_sram_handler
 .bss.g_timx_handle
                0x20000530       0x48 build/Drivers/BSP/TIMER/btim.o
                0x20000530                g_timx_handle
 *fill*         0x20000578        0x8 
 .bss.mem1base  0x20000580     0x7800 build/Middlewares/MALLOC/malloc.o
 .bss.mem1mapbase
                0x20007d80      0x780 build/Middlewares/MALLOC/malloc.o
 .bss.xQueueRegistry
                0x20008500       0x40 build/Middlewares/FreeRTOS/queue.o
                0x20008500                xQueueRegistry
 .bss.pxCurrentTCB
                0x20008540        0x4 build/Middlewares/FreeRTOS/tasks.o
                0x20008540                pxCurrentTCB
 .bss.pxReadyTasksLists
                0x20008544      0x280 build/Middlewares/FreeRTOS/tasks.o
 .bss.xDelayedTaskList1
                0x200087c4       0x14 build/Middlewares/FreeRTOS/tasks.o
 .bss.xDelayedTaskList2
                0x200087d8       0x14 build/Middlewares/FreeRTOS/tasks.o
 .bss.pxDelayedTaskList
                0x200087ec        0x4 build/Middlewares/FreeRTOS/tasks.o
 .bss.pxOverflowDelayedTaskList
                0x200087f0        0x4 build/Middlewares/FreeRTOS/tasks.o
 .bss.xPendingReadyList
                0x200087f4       0x14 build/Middlewares/FreeRTOS/tasks.o
 .bss.xTasksWaitingTermination
                0x20008808       0x14 build/Middlewares/FreeRTOS/tasks.o
 .bss.uxDeletedTasksWaitingCleanUp
                0x2000881c        0x4 build/Middlewares/FreeRTOS/tasks.o
 .bss.xSuspendedTaskList
                0x20008820       0x14 build/Middlewares/FreeRTOS/tasks.o
 .bss.uxCurrentNumberOfTasks
                0x20008834        0x4 build/Middlewares/FreeRTOS/tasks.o
 .bss.xTickCount
                0x20008838        0x4 build/Middlewares/FreeRTOS/tasks.o
 .bss.uxTopReadyPriority
                0x2000883c        0x4 build/Middlewares/FreeRTOS/tasks.o
 .bss.xSchedulerRunning
                0x20008840        0x4 build/Middlewares/FreeRTOS/tasks.o
 .bss.xPendedTicks
                0x20008844        0x4 build/Middlewares/FreeRTOS/tasks.o
 .bss.xYieldPending
                0x20008848        0x4 build/Middlewares/FreeRTOS/tasks.o
 .bss.xNumOfOverflows
                0x2000884c        0x4 build/Middlewares/FreeRTOS/tasks.o
 .bss.uxTaskNumber
                0x20008850        0x4 build/Middlewares/FreeRTOS/tasks.o
 .bss.xNextTaskUnblockTime
                0x20008854        0x4 build/Middlewares/FreeRTOS/tasks.o
 .bss.xIdleTaskHandle
                0x20008858        0x4 build/Middlewares/FreeRTOS/tasks.o
 .bss.uxSchedulerSuspended
                0x2000885c        0x4 build/Middlewares/FreeRTOS/tasks.o
 .bss.xActiveTimerList1
                0x20008860       0x14 build/Middlewares/FreeRTOS/timers.o
 .bss.xActiveTimerList2
                0x20008874       0x14 build/Middlewares/FreeRTOS/timers.o
 .bss.pxCurrentTimerList
                0x20008888        0x4 build/Middlewares/FreeRTOS/timers.o
 .bss.pxOverflowTimerList
                0x2000888c        0x4 build/Middlewares/FreeRTOS/timers.o
 .bss.xTimerQueue
                0x20008890        0x4 build/Middlewares/FreeRTOS/timers.o
 .bss.xTimerTaskHandle
                0x20008894        0x4 build/Middlewares/FreeRTOS/timers.o
 .bss.xLastTime.0
                0x20008898        0x4 build/Middlewares/FreeRTOS/timers.o
 .bss.ucHeap    0x2000889c     0x2800 build/Middlewares/FreeRTOS/portable/MemMang/heap_4.o
 .bss.xStart    0x2000b09c        0x8 build/Middlewares/FreeRTOS/portable/MemMang/heap_4.o
 .bss.pxEnd     0x2000b0a4        0x4 build/Middlewares/FreeRTOS/portable/MemMang/heap_4.o
 .bss.xFreeBytesRemaining
                0x2000b0a8        0x4 build/Middlewares/FreeRTOS/portable/MemMang/heap_4.o
 .bss.xMinimumEverFreeBytesRemaining
                0x2000b0ac        0x4 build/Middlewares/FreeRTOS/portable/MemMang/heap_4.o
 .bss.xNumberOfSuccessfulAllocations
                0x2000b0b0        0x4 build/Middlewares/FreeRTOS/portable/MemMang/heap_4.o
 .bss.xNumberOfSuccessfulFrees
                0x2000b0b4        0x4 build/Middlewares/FreeRTOS/portable/MemMang/heap_4.o
 .bss.xBlockAllocatedBit
                0x2000b0b8        0x4 build/Middlewares/FreeRTOS/portable/MemMang/heap_4.o
 .bss.ucMaxSysCallPriority
                0x2000b0bc        0x1 build/Middlewares/FreeRTOS/portable/GCC/ARM_CM3/port.o
 *fill*         0x2000b0bd        0x3 
 .bss.ulMaxPRIGROUPValue
                0x2000b0c0        0x4 build/Middlewares/FreeRTOS/portable/GCC/ARM_CM3/port.o
 *(COMMON)
                0x2000b0c4                        . = ALIGN (0x4)
                0x2000b0c4                        _ebss = .
                0x2000b0c4                        __bss_end__ = _ebss

._user_heap_stack
                0x2000b0c4      0x604 load address 0x080108bc
                0x2000b0c8                        . = ALIGN (0x8)
 *fill*         0x2000b0c4        0x4 
                [!provide]                        PROVIDE (end = .)
                0x2000b0c8                        PROVIDE (_end = .)
                0x2000b2c8                        . = (. + _Min_Heap_Size)
 *fill*         0x2000b0c8      0x200 
                0x2000b6c8                        . = (. + _Min_Stack_Size)
 *fill*         0x2000b2c8      0x400 
                0x2000b6c8                        . = ALIGN (0x8)

/DISCARD/
 libc.a(*)
 libm.a(*)
 libgcc.a(*)

.ARM.attributes
                0x00000000       0x29
 *(.ARM.attributes)
 .ARM.attributes
                0x00000000       0x1d /usr/lib/gcc/arm-none-eabi/13.2.1/thumb/v7-m/nofp/crti.o
 .ARM.attributes
                0x0000001d       0x2d /usr/lib/gcc/arm-none-eabi/13.2.1/thumb/v7-m/nofp/crtbegin.o
 .ARM.attributes
                0x0000004a       0x2d build/User/main.o
 .ARM.attributes
                0x00000077       0x2d build/Drivers/CMSIS/Device/ST/STM32F1xx/Source/Templates/system_stm32f1xx.o
 .ARM.attributes
                0x000000a4       0x2d build/User/stm32f1xx_it.o
 .ARM.attributes
                0x000000d1       0x2d build/User/freertos_demo.o
 .ARM.attributes
                0x000000fe       0x2d build/User/syscalls.o
 .ARM.attributes
                0x0000012b       0x2d build/Drivers/SYSTEM/delay/delay.o
 .ARM.attributes
                0x00000158       0x2d build/Drivers/SYSTEM/sys/sys.o
 .ARM.attributes
                0x00000185       0x2d build/Drivers/SYSTEM/usart/usart.o
 .ARM.attributes
                0x000001b2       0x2d build/Drivers/STM32F1xx_HAL_Driver/Src/stm32f1xx_hal.o
 .ARM.attributes
                0x000001df       0x2d build/Drivers/STM32F1xx_HAL_Driver/Src/stm32f1xx_hal_cortex.o
 .ARM.attributes
                0x0000020c       0x2d build/Drivers/STM32F1xx_HAL_Driver/Src/stm32f1xx_hal_dma.o
 .ARM.attributes
                0x00000239       0x2d build/Drivers/STM32F1xx_HAL_Driver/Src/stm32f1xx_hal_gpio.o
 .ARM.attributes
                0x00000266       0x2d build/Drivers/STM32F1xx_HAL_Driver/Src/stm32f1xx_hal_rcc.o
 .ARM.attributes
                0x00000293       0x2d build/Drivers/STM32F1xx_HAL_Driver/Src/stm32f1xx_hal_uart.o
 .ARM.attributes
                0x000002c0       0x2d build/Drivers/STM32F1xx_HAL_Driver/Src/stm32f1xx_hal_sram.o
 .ARM.attributes
                0x000002ed       0x2d build/Drivers/STM32F1xx_HAL_Driver/Src/stm32f1xx_ll_fsmc.o
 .ARM.attributes
                0x0000031a       0x2d build/Drivers/STM32F1xx_HAL_Driver/Src/stm32f1xx_hal_tim.o
 .ARM.attributes
                0x00000347       0x2d build/Drivers/STM32F1xx_HAL_Driver/Src/stm32f1xx_hal_tim_ex.o
 .ARM.attributes
                0x00000374       0x2d build/Drivers/BSP/LED/led.o
 .ARM.attributes
                0x000003a1       0x2d build/Drivers/BSP/LCD/lcd.o
 .ARM.attributes
                0x000003ce       0x2d build/Drivers/BSP/KEY/key.o
 .ARM.attributes
                0x000003fb       0x2d build/Drivers/BSP/SRAM/sram.o
 .ARM.attributes
                0x00000428       0x2d build/Drivers/BSP/TIMER/btim.o
 .ARM.attributes
                0x00000455       0x2d build/Middlewares/MALLOC/malloc.o
 .ARM.attributes
                0x00000482       0x2d build/Middlewares/FreeRTOS/list.o
 .ARM.attributes
                0x000004af       0x2d build/Middlewares/FreeRTOS/queue.o
 .ARM.attributes
                0x000004dc       0x2d build/Middlewares/FreeRTOS/tasks.o
 .ARM.attributes
                0x00000509       0x2d build/Middlewares/FreeRTOS/timers.o
 .ARM.attributes
                0x00000536       0x2d build/Middlewares/FreeRTOS/portable/MemMang/heap_4.o
 .ARM.attributes
                0x00000563       0x2d build/Middlewares/FreeRTOS/portable/GCC/ARM_CM3/port.o
 .ARM.attributes
                0x00000590       0x21 build/startup_stm32f103xe_gcc.o
 .ARM.attributes
                0x000005b1       0x2d /usr/lib/gcc/arm-none-eabi/13.2.1/../../../arm-none-eabi/lib/thumb/v7-m/nofp/libc_nano.a(libc_a-strlen-stub.o)
 .ARM.attributes
                0x000005de       0x2d /usr/lib/gcc/arm-none-eabi/13.2.1/../../../arm-none-eabi/lib/thumb/v7-m/nofp/libc_nano.a(libc_a-impure.o)
 .ARM.attributes
                0x0000060b       0x2d /usr/lib/gcc/arm-none-eabi/13.2.1/../../../arm-none-eabi/lib/thumb/v7-m/nofp/libc_nano.a(libc_a-memset.o)
 .ARM.attributes
                0x00000638       0x2d /usr/lib/gcc/arm-none-eabi/13.2.1/../../../arm-none-eabi/lib/thumb/v7-m/nofp/libc_nano.a(libc_a-errno.o)
 .ARM.attributes
                0x00000665       0x2d /usr/lib/gcc/arm-none-eabi/13.2.1/../../../arm-none-eabi/lib/thumb/v7-m/nofp/libc_nano.a(libc_a-nano-vfprintf_float.o)
 .ARM.attributes
                0x00000692       0x2d /usr/lib/gcc/arm-none-eabi/13.2.1/../../../arm-none-eabi/lib/thumb/v7-m/nofp/libc_nano.a(libc_a-mallocr.o)
 .ARM.attributes
                0x000006bf       0x2d /usr/lib/gcc/arm-none-eabi/13.2.1/../../../arm-none-eabi/lib/thumb/v7-m/nofp/libc_nano.a(libc_a-dtoa.o)
 .ARM.attributes
                0x000006ec       0x2d /usr/lib/gcc/arm-none-eabi/13.2.1/../../../arm-none-eabi/lib/thumb/v7-m/nofp/libc_nano.a(libc_a-freer.o)
 .ARM.attributes
                0x00000719       0x2d /usr/lib/gcc/arm-none-eabi/13.2.1/../../../arm-none-eabi/lib/thumb/v7-m/nofp/libc_nano.a(libc_a-memmove.o)
 .ARM.attributes
                0x00000746       0x1b /usr/lib/gcc/arm-none-eabi/13.2.1/../../../arm-none-eabi/lib/thumb/v7-m/nofp/libc_nano.a(libc_a-memcpy.o)
 .ARM.attributes
                0x00000761       0x2d /usr/lib/gcc/arm-none-eabi/13.2.1/../../../arm-none-eabi/lib/thumb/v7-m/nofp/libc_nano.a(libc_a-malloc.o)
 .ARM.attributes
                0x0000078e       0x2d /usr/lib/gcc/arm-none-eabi/13.2.1/../../../arm-none-eabi/lib/thumb/v7-m/nofp/libc_nano.a(libc_a-reallocr.o)
 .ARM.attributes
                0x000007bb       0x2d /usr/lib/gcc/arm-none-eabi/13.2.1/../../../arm-none-eabi/lib/thumb/v7-m/nofp/libc_nano.a(libc_a-nano-vfprintf_i.o)
 .ARM.attributes
                0x000007e8       0x2d /usr/lib/gcc/arm-none-eabi/13.2.1/../../../arm-none-eabi/lib/thumb/v7-m/nofp/libc_nano.a(libc_a-mlock.o)
 .ARM.attributes
                0x00000815       0x2d /usr/lib/gcc/arm-none-eabi/13.2.1/../../../arm-none-eabi/lib/thumb/v7-m/nofp/libc_nano.a(libc_a-memchr-stub.o)
 .ARM.attributes
                0x00000842       0x2d /usr/lib/gcc/arm-none-eabi/13.2.1/../../../arm-none-eabi/lib/thumb/v7-m/nofp/libc_nano.a(libc_a-printf.o)
 .ARM.attributes
                0x0000086f       0x2d /usr/lib/gcc/arm-none-eabi/13.2.1/../../../arm-none-eabi/lib/thumb/v7-m/nofp/libc_nano.a(libc_a-nano-vfprintf.o)
 .ARM.attributes
                0x0000089c       0x2d /usr/lib/gcc/arm-none-eabi/13.2.1/../../../arm-none-eabi/lib/thumb/v7-m/nofp/libc_nano.a(libc_a-wbuf.o)
 .ARM.attributes
                0x000008c9       0x2d /usr/lib/gcc/arm-none-eabi/13.2.1/../../../arm-none-eabi/lib/thumb/v7-m/nofp/libc_nano.a(libc_a-assert.o)
 .ARM.attributes
                0x000008f6       0x2d /usr/lib/gcc/arm-none-eabi/13.2.1/../../../arm-none-eabi/lib/thumb/v7-m/nofp/libc_nano.a(libc_a-mprec.o)
 .ARM.attributes
                0x00000923       0x2d /usr/lib/gcc/arm-none-eabi/13.2.1/../../../arm-none-eabi/lib/thumb/v7-m/nofp/libc_nano.a(libc_a-sbrkr.o)
 .ARM.attributes
                0x00000950       0x2d /usr/lib/gcc/arm-none-eabi/13.2.1/../../../arm-none-eabi/lib/thumb/v7-m/nofp/libc_nano.a(libc_a-msizer.o)
 .ARM.attributes
                0x0000097d       0x2d /usr/lib/gcc/arm-none-eabi/13.2.1/../../../arm-none-eabi/lib/thumb/v7-m/nofp/libc_nano.a(libc_a-localeconv.o)
 .ARM.attributes
                0x000009aa       0x2d /usr/lib/gcc/arm-none-eabi/13.2.1/../../../arm-none-eabi/lib/thumb/v7-m/nofp/libc_nano.a(libc_a-fvwrite.o)
 .ARM.attributes
                0x000009d7       0x2d /usr/lib/gcc/arm-none-eabi/13.2.1/../../../arm-none-eabi/lib/thumb/v7-m/nofp/libc_nano.a(libc_a-findfp.o)
 .ARM.attributes
                0x00000a04       0x2d /usr/lib/gcc/arm-none-eabi/13.2.1/../../../arm-none-eabi/lib/thumb/v7-m/nofp/libc_nano.a(libc_a-abort.o)
 .ARM.attributes
                0x00000a31       0x2d /usr/lib/gcc/arm-none-eabi/13.2.1/../../../arm-none-eabi/lib/thumb/v7-m/nofp/libc_nano.a(libc_a-fflush.o)
 .ARM.attributes
                0x00000a5e       0x2d /usr/lib/gcc/arm-none-eabi/13.2.1/../../../arm-none-eabi/lib/thumb/v7-m/nofp/libc_nano.a(libc_a-callocr.o)
 .ARM.attributes
                0x00000a8b       0x2d /usr/lib/gcc/arm-none-eabi/13.2.1/../../../arm-none-eabi/lib/thumb/v7-m/nofp/libc_nano.a(libc_a-locale.o)
 .ARM.attributes
                0x00000ab8       0x2d /usr/lib/gcc/arm-none-eabi/13.2.1/../../../arm-none-eabi/lib/thumb/v7-m/nofp/libc_nano.a(libc_a-fwalk.o)
 .ARM.attributes
                0x00000ae5       0x2d /usr/lib/gcc/arm-none-eabi/13.2.1/../../../arm-none-eabi/lib/thumb/v7-m/nofp/libc_nano.a(libc_a-wctomb_r.o)
 .ARM.attributes
                0x00000b12       0x2d /usr/lib/gcc/arm-none-eabi/13.2.1/../../../arm-none-eabi/lib/thumb/v7-m/nofp/libc_nano.a(libc_a-wsetup.o)
 .ARM.attributes
                0x00000b3f       0x2d /usr/lib/gcc/arm-none-eabi/13.2.1/../../../arm-none-eabi/lib/thumb/v7-m/nofp/libc_nano.a(libc_a-fprintf.o)
 .ARM.attributes
                0x00000b6c       0x2d /usr/lib/gcc/arm-none-eabi/13.2.1/../../../arm-none-eabi/lib/thumb/v7-m/nofp/libc_nano.a(libc_a-reent.o)
 .ARM.attributes
                0x00000b99       0x2d /usr/lib/gcc/arm-none-eabi/13.2.1/../../../arm-none-eabi/lib/thumb/v7-m/nofp/libc_nano.a(libc_a-makebuf.o)
 .ARM.attributes
                0x00000bc6       0x2d /usr/lib/gcc/arm-none-eabi/13.2.1/../../../arm-none-eabi/lib/thumb/v7-m/nofp/libc_nano.a(libc_a-ctype_.o)
 .ARM.attributes
                0x00000bf3       0x2d /usr/lib/gcc/arm-none-eabi/13.2.1/../../../arm-none-eabi/lib/thumb/v7-m/nofp/libc_nano.a(libc_a-isattyr.o)
 .ARM.attributes
                0x00000c20       0x2d /usr/lib/gcc/arm-none-eabi/13.2.1/../../../arm-none-eabi/lib/thumb/v7-m/nofp/libc_nano.a(libc_a-stdio.o)
 .ARM.attributes
                0x00000c4d       0x2d /usr/lib/gcc/arm-none-eabi/13.2.1/../../../arm-none-eabi/lib/thumb/v7-m/nofp/libc_nano.a(libc_a-mbtowc_r.o)
 .ARM.attributes
                0x00000c7a       0x2d /usr/lib/gcc/arm-none-eabi/13.2.1/../../../arm-none-eabi/lib/thumb/v7-m/nofp/libc_nano.a(libc_a-signal.o)
 .ARM.attributes
                0x00000ca7       0x2d /usr/lib/gcc/arm-none-eabi/13.2.1/../../../arm-none-eabi/lib/thumb/v7-m/nofp/libc_nano.a(libc_a-closer.o)
 .ARM.attributes
                0x00000cd4       0x2d /usr/lib/gcc/arm-none-eabi/13.2.1/../../../arm-none-eabi/lib/thumb/v7-m/nofp/libc_nano.a(libc_a-readr.o)
 .ARM.attributes
                0x00000d01       0x2d /usr/lib/gcc/arm-none-eabi/13.2.1/../../../arm-none-eabi/lib/thumb/v7-m/nofp/libc_nano.a(libc_a-fstatr.o)
 .ARM.attributes
                0x00000d2e       0x2d /usr/lib/gcc/arm-none-eabi/13.2.1/../../../arm-none-eabi/lib/thumb/v7-m/nofp/libc_nano.a(libc_a-lseekr.o)
 .ARM.attributes
                0x00000d5b       0x2d /usr/lib/gcc/arm-none-eabi/13.2.1/../../../arm-none-eabi/lib/thumb/v7-m/nofp/libc_nano.a(libc_a-writer.o)
 .ARM.attributes
                0x00000d88       0x2d /usr/lib/gcc/arm-none-eabi/13.2.1/../../../arm-none-eabi/lib/thumb/v7-m/nofp/libc_nano.a(libc_a-signalr.o)
 .ARM.attributes
                0x00000db5       0x2d /usr/lib/gcc/arm-none-eabi/13.2.1/../../../arm-none-eabi/lib/thumb/v7-m/nofp/libnosys.a(_exit.o)
 .ARM.attributes
                0x00000de2       0x1d /usr/lib/gcc/arm-none-eabi/13.2.1/thumb/v7-m/nofp/libgcc.a(_arm_addsubdf3.o)
 .ARM.attributes
                0x00000dff       0x1d /usr/lib/gcc/arm-none-eabi/13.2.1/thumb/v7-m/nofp/libgcc.a(_arm_muldivdf3.o)
 .ARM.attributes
                0x00000e1c       0x1d /usr/lib/gcc/arm-none-eabi/13.2.1/thumb/v7-m/nofp/libgcc.a(_arm_cmpdf2.o)
 .ARM.attributes
                0x00000e39       0x1d /usr/lib/gcc/arm-none-eabi/13.2.1/thumb/v7-m/nofp/libgcc.a(_arm_unorddf2.o)
 .ARM.attributes
                0x00000e56       0x1d /usr/lib/gcc/arm-none-eabi/13.2.1/thumb/v7-m/nofp/libgcc.a(_arm_fixdfsi.o)
 .ARM.attributes
                0x00000e73       0x1d /usr/lib/gcc/arm-none-eabi/13.2.1/thumb/v7-m/nofp/libgcc.a(_arm_fixunsdfsi.o)
 .ARM.attributes
                0x00000e90       0x2d /usr/lib/gcc/arm-none-eabi/13.2.1/thumb/v7-m/nofp/crtend.o
 .ARM.attributes
                0x00000ebd       0x1d /usr/lib/gcc/arm-none-eabi/13.2.1/thumb/v7-m/nofp/crtn.o
OUTPUT(Output/atk_f103.elf elf32-littlearm)
LOAD linker stubs
LOAD /usr/lib/gcc/arm-none-eabi/13.2.1/../../../arm-none-eabi/lib/thumb/v7-m/nofp/libc.a
LOAD /usr/lib/gcc/arm-none-eabi/13.2.1/../../../arm-none-eabi/lib/thumb/v7-m/nofp/libm.a
LOAD /usr/lib/gcc/arm-none-eabi/13.2.1/thumb/v7-m/nofp/libgcc.a

.comment        0x00000000       0x26
 .comment       0x00000000       0x26 /usr/lib/gcc/arm-none-eabi/13.2.1/thumb/v7-m/nofp/crtbegin.o
                                 0x27 (size before relaxing)
 .comment       0x00000026       0x27 build/User/main.o
 .comment       0x00000026       0x27 build/Drivers/CMSIS/Device/ST/STM32F1xx/Source/Templates/system_stm32f1xx.o
 .comment       0x00000026       0x27 build/User/stm32f1xx_it.o
 .comment       0x00000026       0x27 build/User/freertos_demo.o
 .comment       0x00000026       0x27 build/User/syscalls.o
 .comment       0x00000026       0x27 build/Drivers/SYSTEM/delay/delay.o
 .comment       0x00000026       0x27 build/Drivers/SYSTEM/sys/sys.o
 .comment       0x00000026       0x27 build/Drivers/SYSTEM/usart/usart.o
 .comment       0x00000026       0x27 build/Drivers/STM32F1xx_HAL_Driver/Src/stm32f1xx_hal.o
 .comment       0x00000026       0x27 build/Drivers/STM32F1xx_HAL_Driver/Src/stm32f1xx_hal_cortex.o
 .comment       0x00000026       0x27 build/Drivers/STM32F1xx_HAL_Driver/Src/stm32f1xx_hal_dma.o
 .comment       0x00000026       0x27 build/Drivers/STM32F1xx_HAL_Driver/Src/stm32f1xx_hal_gpio.o
 .comment       0x00000026       0x27 build/Drivers/STM32F1xx_HAL_Driver/Src/stm32f1xx_hal_rcc.o
 .comment       0x00000026       0x27 build/Drivers/STM32F1xx_HAL_Driver/Src/stm32f1xx_hal_uart.o
 .comment       0x00000026       0x27 build/Drivers/STM32F1xx_HAL_Driver/Src/stm32f1xx_hal_sram.o
 .comment       0x00000026       0x27 build/Drivers/STM32F1xx_HAL_Driver/Src/stm32f1xx_ll_fsmc.o
 .comment       0x00000026       0x27 build/Drivers/STM32F1xx_HAL_Driver/Src/stm32f1xx_hal_tim.o
 .comment       0x00000026       0x27 build/Drivers/STM32F1xx_HAL_Driver/Src/stm32f1xx_hal_tim_ex.o
 .comment       0x00000026       0x27 build/Drivers/BSP/LED/led.o
 .comment       0x00000026       0x27 build/Drivers/BSP/LCD/lcd.o
 .comment       0x00000026       0x27 build/Drivers/BSP/KEY/key.o
 .comment       0x00000026       0x27 build/Drivers/BSP/SRAM/sram.o
 .comment       0x00000026       0x27 build/Drivers/BSP/TIMER/btim.o
 .comment       0x00000026       0x27 build/Middlewares/MALLOC/malloc.o
 .comment       0x00000026       0x27 build/Middlewares/FreeRTOS/list.o
 .comment       0x00000026       0x27 build/Middlewares/FreeRTOS/queue.o
 .comment       0x00000026       0x27 build/Middlewares/FreeRTOS/tasks.o
 .comment       0x00000026       0x27 build/Middlewares/FreeRTOS/timers.o
 .comment       0x00000026       0x27 build/Middlewares/FreeRTOS/portable/MemMang/heap_4.o
 .comment       0x00000026       0x27 build/Middlewares/FreeRTOS/portable/GCC/ARM_CM3/port.o
 .comment       0x00000026       0x27 /usr/lib/gcc/arm-none-eabi/13.2.1/../../../arm-none-eabi/lib/thumb/v7-m/nofp/libc_nano.a(libc_a-strlen-stub.o)
 .comment       0x00000026       0x27 /usr/lib/gcc/arm-none-eabi/13.2.1/../../../arm-none-eabi/lib/thumb/v7-m/nofp/libc_nano.a(libc_a-impure.o)
 .comment       0x00000026       0x27 /usr/lib/gcc/arm-none-eabi/13.2.1/../../../arm-none-eabi/lib/thumb/v7-m/nofp/libc_nano.a(libc_a-memset.o)
 .comment       0x00000026       0x27 /usr/lib/gcc/arm-none-eabi/13.2.1/../../../arm-none-eabi/lib/thumb/v7-m/nofp/libc_nano.a(libc_a-errno.o)
 .comment       0x00000026       0x27 /usr/lib/gcc/arm-none-eabi/13.2.1/../../../arm-none-eabi/lib/thumb/v7-m/nofp/libc_nano.a(libc_a-nano-vfprintf_float.o)
 .comment       0x00000026       0x27 /usr/lib/gcc/arm-none-eabi/13.2.1/../../../arm-none-eabi/lib/thumb/v7-m/nofp/libc_nano.a(libc_a-mallocr.o)
 .comment       0x00000026       0x27 /usr/lib/gcc/arm-none-eabi/13.2.1/../../../arm-none-eabi/lib/thumb/v7-m/nofp/libc_nano.a(libc_a-dtoa.o)
 .comment       0x00000026       0x27 /usr/lib/gcc/arm-none-eabi/13.2.1/../../../arm-none-eabi/lib/thumb/v7-m/nofp/libc_nano.a(libc_a-freer.o)
 .comment       0x00000026       0x27 /usr/lib/gcc/arm-none-eabi/13.2.1/../../../arm-none-eabi/lib/thumb/v7-m/nofp/libc_nano.a(libc_a-memmove.o)
 .comment       0x00000026       0x27 /usr/lib/gcc/arm-none-eabi/13.2.1/../../../arm-none-eabi/lib/thumb/v7-m/nofp/libc_nano.a(libc_a-malloc.o)
 .comment       0x00000026       0x27 /usr/lib/gcc/arm-none-eabi/13.2.1/../../../arm-none-eabi/lib/thumb/v7-m/nofp/libc_nano.a(libc_a-reallocr.o)
 .comment       0x00000026       0x27 /usr/lib/gcc/arm-none-eabi/13.2.1/../../../arm-none-eabi/lib/thumb/v7-m/nofp/libc_nano.a(libc_a-nano-vfprintf_i.o)
 .comment       0x00000026       0x27 /usr/lib/gcc/arm-none-eabi/13.2.1/../../../arm-none-eabi/lib/thumb/v7-m/nofp/libc_nano.a(libc_a-mlock.o)
 .comment       0x00000026       0x27 /usr/lib/gcc/arm-none-eabi/13.2.1/../../../arm-none-eabi/lib/thumb/v7-m/nofp/libc_nano.a(libc_a-memchr-stub.o)
 .comment       0x00000026       0x27 /usr/lib/gcc/arm-none-eabi/13.2.1/../../../arm-none-eabi/lib/thumb/v7-m/nofp/libc_nano.a(libc_a-printf.o)
 .comment       0x00000026       0x27 /usr/lib/gcc/arm-none-eabi/13.2.1/../../../arm-none-eabi/lib/thumb/v7-m/nofp/libc_nano.a(libc_a-nano-vfprintf.o)
 .comment       0x00000026       0x27 /usr/lib/gcc/arm-none-eabi/13.2.1/../../../arm-none-eabi/lib/thumb/v7-m/nofp/libc_nano.a(libc_a-wbuf.o)
 .comment       0x00000026       0x27 /usr/lib/gcc/arm-none-eabi/13.2.1/../../../arm-none-eabi/lib/thumb/v7-m/nofp/libc_nano.a(libc_a-assert.o)
 .comment       0x00000026       0x27 /usr/lib/gcc/arm-none-eabi/13.2.1/../../../arm-none-eabi/lib/thumb/v7-m/nofp/libc_nano.a(libc_a-mprec.o)
 .comment       0x00000026       0x27 /usr/lib/gcc/arm-none-eabi/13.2.1/../../../arm-none-eabi/lib/thumb/v7-m/nofp/libc_nano.a(libc_a-sbrkr.o)
 .comment       0x00000026       0x27 /usr/lib/gcc/arm-none-eabi/13.2.1/../../../arm-none-eabi/lib/thumb/v7-m/nofp/libc_nano.a(libc_a-msizer.o)
 .comment       0x00000026       0x27 /usr/lib/gcc/arm-none-eabi/13.2.1/../../../arm-none-eabi/lib/thumb/v7-m/nofp/libc_nano.a(libc_a-localeconv.o)
 .comment       0x00000026       0x27 /usr/lib/gcc/arm-none-eabi/13.2.1/../../../arm-none-eabi/lib/thumb/v7-m/nofp/libc_nano.a(libc_a-fvwrite.o)
 .comment       0x00000026       0x27 /usr/lib/gcc/arm-none-eabi/13.2.1/../../../arm-none-eabi/lib/thumb/v7-m/nofp/libc_nano.a(libc_a-findfp.o)
 .comment       0x00000026       0x27 /usr/lib/gcc/arm-none-eabi/13.2.1/../../../arm-none-eabi/lib/thumb/v7-m/nofp/libc_nano.a(libc_a-abort.o)
 .comment       0x00000026       0x27 /usr/lib/gcc/arm-none-eabi/13.2.1/../../../arm-none-eabi/lib/thumb/v7-m/nofp/libc_nano.a(libc_a-fflush.o)
 .comment       0x00000026       0x27 /usr/lib/gcc/arm-none-eabi/13.2.1/../../../arm-none-eabi/lib/thumb/v7-m/nofp/libc_nano.a(libc_a-callocr.o)
 .comment       0x00000026       0x27 /usr/lib/gcc/arm-none-eabi/13.2.1/../../../arm-none-eabi/lib/thumb/v7-m/nofp/libc_nano.a(libc_a-locale.o)
 .comment       0x00000026       0x27 /usr/lib/gcc/arm-none-eabi/13.2.1/../../../arm-none-eabi/lib/thumb/v7-m/nofp/libc_nano.a(libc_a-fwalk.o)
 .comment       0x00000026       0x27 /usr/lib/gcc/arm-none-eabi/13.2.1/../../../arm-none-eabi/lib/thumb/v7-m/nofp/libc_nano.a(libc_a-wctomb_r.o)
 .comment       0x00000026       0x27 /usr/lib/gcc/arm-none-eabi/13.2.1/../../../arm-none-eabi/lib/thumb/v7-m/nofp/libc_nano.a(libc_a-wsetup.o)
 .comment       0x00000026       0x27 /usr/lib/gcc/arm-none-eabi/13.2.1/../../../arm-none-eabi/lib/thumb/v7-m/nofp/libc_nano.a(libc_a-fprintf.o)
 .comment       0x00000026       0x27 /usr/lib/gcc/arm-none-eabi/13.2.1/../../../arm-none-eabi/lib/thumb/v7-m/nofp/libc_nano.a(libc_a-reent.o)
 .comment       0x00000026       0x27 /usr/lib/gcc/arm-none-eabi/13.2.1/../../../arm-none-eabi/lib/thumb/v7-m/nofp/libc_nano.a(libc_a-makebuf.o)
 .comment       0x00000026       0x27 /usr/lib/gcc/arm-none-eabi/13.2.1/../../../arm-none-eabi/lib/thumb/v7-m/nofp/libc_nano.a(libc_a-ctype_.o)
 .comment       0x00000026       0x27 /usr/lib/gcc/arm-none-eabi/13.2.1/../../../arm-none-eabi/lib/thumb/v7-m/nofp/libc_nano.a(libc_a-isattyr.o)
 .comment       0x00000026       0x27 /usr/lib/gcc/arm-none-eabi/13.2.1/../../../arm-none-eabi/lib/thumb/v7-m/nofp/libc_nano.a(libc_a-stdio.o)
 .comment       0x00000026       0x27 /usr/lib/gcc/arm-none-eabi/13.2.1/../../../arm-none-eabi/lib/thumb/v7-m/nofp/libc_nano.a(libc_a-mbtowc_r.o)
 .comment       0x00000026       0x27 /usr/lib/gcc/arm-none-eabi/13.2.1/../../../arm-none-eabi/lib/thumb/v7-m/nofp/libc_nano.a(libc_a-signal.o)
 .comment       0x00000026       0x27 /usr/lib/gcc/arm-none-eabi/13.2.1/../../../arm-none-eabi/lib/thumb/v7-m/nofp/libc_nano.a(libc_a-closer.o)
 .comment       0x00000026       0x27 /usr/lib/gcc/arm-none-eabi/13.2.1/../../../arm-none-eabi/lib/thumb/v7-m/nofp/libc_nano.a(libc_a-readr.o)
 .comment       0x00000026       0x27 /usr/lib/gcc/arm-none-eabi/13.2.1/../../../arm-none-eabi/lib/thumb/v7-m/nofp/libc_nano.a(libc_a-fstatr.o)
 .comment       0x00000026       0x27 /usr/lib/gcc/arm-none-eabi/13.2.1/../../../arm-none-eabi/lib/thumb/v7-m/nofp/libc_nano.a(libc_a-lseekr.o)
 .comment       0x00000026       0x27 /usr/lib/gcc/arm-none-eabi/13.2.1/../../../arm-none-eabi/lib/thumb/v7-m/nofp/libc_nano.a(libc_a-writer.o)
 .comment       0x00000026       0x27 /usr/lib/gcc/arm-none-eabi/13.2.1/../../../arm-none-eabi/lib/thumb/v7-m/nofp/libc_nano.a(libc_a-signalr.o)
 .comment       0x00000026       0x27 /usr/lib/gcc/arm-none-eabi/13.2.1/../../../arm-none-eabi/lib/thumb/v7-m/nofp/libnosys.a(_exit.o)
 .comment       0x00000026       0x27 /usr/lib/gcc/arm-none-eabi/13.2.1/thumb/v7-m/nofp/crtend.o

.debug_info     0x00000000    0x2d4c0
 .debug_info    0x00000000      0x160 build/User/main.o
 .debug_info    0x00000160      0x208 build/Drivers/CMSIS/Device/ST/STM32F1xx/Source/Templates/system_stm32f1xx.o
 .debug_info    0x00000368       0xd8 build/User/stm32f1xx_it.o
 .debug_info    0x00000440      0x34d build/User/freertos_demo.o
 .debug_info    0x0000078d      0x544 build/User/syscalls.o
 .debug_info    0x00000cd1      0x216 build/Drivers/SYSTEM/delay/delay.o
 .debug_info    0x00000ee7      0x613 build/Drivers/SYSTEM/sys/sys.o
 .debug_info    0x000014fa     0x1178 build/Drivers/SYSTEM/usart/usart.o
 .debug_info    0x00002672      0x75e build/Drivers/STM32F1xx_HAL_Driver/Src/stm32f1xx_hal.o
 .debug_info    0x00002dd0      0xac9 build/Drivers/STM32F1xx_HAL_Driver/Src/stm32f1xx_hal_cortex.o
 .debug_info    0x00003899      0x6c1 build/Drivers/STM32F1xx_HAL_Driver/Src/stm32f1xx_hal_dma.o
 .debug_info    0x00003f5a      0x593 build/Drivers/STM32F1xx_HAL_Driver/Src/stm32f1xx_hal_gpio.o
 .debug_info    0x000044ed      0x7c5 build/Drivers/STM32F1xx_HAL_Driver/Src/stm32f1xx_hal_rcc.o
 .debug_info    0x00004cb2     0x11a2 build/Drivers/STM32F1xx_HAL_Driver/Src/stm32f1xx_hal_uart.o
 .debug_info    0x00005e54      0xc9e build/Drivers/STM32F1xx_HAL_Driver/Src/stm32f1xx_hal_sram.o
 .debug_info    0x00006af2      0x963 build/Drivers/STM32F1xx_HAL_Driver/Src/stm32f1xx_ll_fsmc.o
 .debug_info    0x00007455     0x2733 build/Drivers/STM32F1xx_HAL_Driver/Src/stm32f1xx_hal_tim.o
 .debug_info    0x00009b88     0x139d build/Drivers/STM32F1xx_HAL_Driver/Src/stm32f1xx_hal_tim_ex.o
 .debug_info    0x0000af25      0x283 build/Drivers/BSP/LED/led.o
 .debug_info    0x0000b1a8     0x1483 build/Drivers/BSP/LCD/lcd.o
 .debug_info    0x0000c62b      0x323 build/Drivers/BSP/KEY/key.o
 .debug_info    0x0000c94e      0x8f8 build/Drivers/BSP/SRAM/sram.o
 .debug_info    0x0000d246      0x9df build/Drivers/BSP/TIMER/btim.o
 .debug_info    0x0000dc25      0x4ad build/Middlewares/MALLOC/malloc.o
 .debug_info    0x0000e0d2      0x2a3 build/Middlewares/FreeRTOS/list.o
 .debug_info    0x0000e375     0x1548 build/Middlewares/FreeRTOS/queue.o
 .debug_info    0x0000f8bd     0x21ae build/Middlewares/FreeRTOS/tasks.o
 .debug_info    0x00011a6b      0xe05 build/Middlewares/FreeRTOS/timers.o
 .debug_info    0x00012870      0x43c build/Middlewares/FreeRTOS/portable/MemMang/heap_4.o
 .debug_info    0x00012cac      0x3cc build/Middlewares/FreeRTOS/portable/GCC/ARM_CM3/port.o
 .debug_info    0x00013078       0xbd /usr/lib/gcc/arm-none-eabi/13.2.1/../../../arm-none-eabi/lib/thumb/v7-m/nofp/libc_nano.a(libc_a-strlen-stub.o)
 .debug_info    0x00013135      0x70b /usr/lib/gcc/arm-none-eabi/13.2.1/../../../arm-none-eabi/lib/thumb/v7-m/nofp/libc_nano.a(libc_a-impure.o)
 .debug_info    0x00013840      0x135 /usr/lib/gcc/arm-none-eabi/13.2.1/../../../arm-none-eabi/lib/thumb/v7-m/nofp/libc_nano.a(libc_a-memset.o)
 .debug_info    0x00013975      0x6f1 /usr/lib/gcc/arm-none-eabi/13.2.1/../../../arm-none-eabi/lib/thumb/v7-m/nofp/libc_nano.a(libc_a-errno.o)
 .debug_info    0x00014066     0x13d2 /usr/lib/gcc/arm-none-eabi/13.2.1/../../../arm-none-eabi/lib/thumb/v7-m/nofp/libc_nano.a(libc_a-nano-vfprintf_float.o)
 .debug_info    0x00015438      0x9b6 /usr/lib/gcc/arm-none-eabi/13.2.1/../../../arm-none-eabi/lib/thumb/v7-m/nofp/libc_nano.a(libc_a-mallocr.o)
 .debug_info    0x00015dee     0x1943 /usr/lib/gcc/arm-none-eabi/13.2.1/../../../arm-none-eabi/lib/thumb/v7-m/nofp/libc_nano.a(libc_a-dtoa.o)
 .debug_info    0x00017731      0x87f /usr/lib/gcc/arm-none-eabi/13.2.1/../../../arm-none-eabi/lib/thumb/v7-m/nofp/libc_nano.a(libc_a-freer.o)
 .debug_info    0x00017fb0      0x148 /usr/lib/gcc/arm-none-eabi/13.2.1/../../../arm-none-eabi/lib/thumb/v7-m/nofp/libc_nano.a(libc_a-memmove.o)
 .debug_info    0x000180f8       0x33 /usr/lib/gcc/arm-none-eabi/13.2.1/../../../arm-none-eabi/lib/thumb/v7-m/nofp/libc_nano.a(libc_a-memcpy.o)
 .debug_info    0x0001812b      0x796 /usr/lib/gcc/arm-none-eabi/13.2.1/../../../arm-none-eabi/lib/thumb/v7-m/nofp/libc_nano.a(libc_a-malloc.o)
 .debug_info    0x000188c1      0x8cd /usr/lib/gcc/arm-none-eabi/13.2.1/../../../arm-none-eabi/lib/thumb/v7-m/nofp/libc_nano.a(libc_a-reallocr.o)
 .debug_info    0x0001918e      0xdd7 /usr/lib/gcc/arm-none-eabi/13.2.1/../../../arm-none-eabi/lib/thumb/v7-m/nofp/libc_nano.a(libc_a-nano-vfprintf_i.o)
 .debug_info    0x00019f65      0x71c /usr/lib/gcc/arm-none-eabi/13.2.1/../../../arm-none-eabi/lib/thumb/v7-m/nofp/libc_nano.a(libc_a-mlock.o)
 .debug_info    0x0001a681      0x14a /usr/lib/gcc/arm-none-eabi/13.2.1/../../../arm-none-eabi/lib/thumb/v7-m/nofp/libc_nano.a(libc_a-memchr-stub.o)
 .debug_info    0x0001a7cb      0x837 /usr/lib/gcc/arm-none-eabi/13.2.1/../../../arm-none-eabi/lib/thumb/v7-m/nofp/libc_nano.a(libc_a-printf.o)
 .debug_info    0x0001b002     0x108a /usr/lib/gcc/arm-none-eabi/13.2.1/../../../arm-none-eabi/lib/thumb/v7-m/nofp/libc_nano.a(libc_a-nano-vfprintf.o)
 .debug_info    0x0001c08c      0x863 /usr/lib/gcc/arm-none-eabi/13.2.1/../../../arm-none-eabi/lib/thumb/v7-m/nofp/libc_nano.a(libc_a-wbuf.o)
 .debug_info    0x0001c8ef      0x825 /usr/lib/gcc/arm-none-eabi/13.2.1/../../../arm-none-eabi/lib/thumb/v7-m/nofp/libc_nano.a(libc_a-assert.o)
 .debug_info    0x0001d114     0x1f12 /usr/lib/gcc/arm-none-eabi/13.2.1/../../../arm-none-eabi/lib/thumb/v7-m/nofp/libc_nano.a(libc_a-mprec.o)
 .debug_info    0x0001f026      0x778 /usr/lib/gcc/arm-none-eabi/13.2.1/../../../arm-none-eabi/lib/thumb/v7-m/nofp/libc_nano.a(libc_a-sbrkr.o)
 .debug_info    0x0001f79e      0x78a /usr/lib/gcc/arm-none-eabi/13.2.1/../../../arm-none-eabi/lib/thumb/v7-m/nofp/libc_nano.a(libc_a-msizer.o)
 .debug_info    0x0001ff28      0xa0e /usr/lib/gcc/arm-none-eabi/13.2.1/../../../arm-none-eabi/lib/thumb/v7-m/nofp/libc_nano.a(libc_a-localeconv.o)
 .debug_info    0x00020936      0xb1e /usr/lib/gcc/arm-none-eabi/13.2.1/../../../arm-none-eabi/lib/thumb/v7-m/nofp/libc_nano.a(libc_a-fvwrite.o)